2025-04-09	13:35:50 c089e979-d712-48a4-9d7b-ecdcf17828c0 Request URL: /auth/login 	 Request Method: OPTIONS
2025-04-09	13:35:50 3fa6d056-ed90-43da-a573-17cc765e8918 Request URL: /auth/login 	 Request Method: POST
2025-04-09	13:36:14 b9aa257b-8693-4489-a78d-d1b10c2841e9 Request URL: /api/user/67e46d48a7e64e72db9c6794 	 Request Method: OPTIONS
2025-04-09	13:36:14 e332fb6c-5d9a-493c-b620-9904e084b5b9 Request URL: /api/user/67e46d48a7e64e72db9c6794 	 Request Method: OPTIONS
2025-04-09	13:36:14 84d266ca-768b-40ea-8a9b-6ca991a7dff8 Request URL: /api/user/67e46d48a7e64e72db9c6794 	 Request Method: GET
2025-04-09	13:36:14 e62316fb-089a-4f97-b9c7-9324c0a28b01 Request URL: /api/user/67e46d48a7e64e72db9c6794 	 Request Method: GET
2025-04-09	13:36:30 cc83c642-d83e-4529-afc1-60e64c1e0294 Request URL: /api/card/67e46d48a7e64e72db9c6794 	 Request Method: OPTIONS
2025-04-09	13:36:30 83bb90ee-1dd2-43e7-a397-861a62c90d00 Request URL: /api/card/67e46d48a7e64e72db9c6794 	 Request Method: OPTIONS
2025-04-09	13:36:30 006fae3d-810a-4149-8f2d-a58a388b7ba6 Request URL: /api/card/67e46d48a7e64e72db9c6794 	 Request Method: GET
2025-04-09	13:36:31 a248c65b-fced-417a-ba9d-fb329de4e7db Request URL: /api/card/67e46d48a7e64e72db9c6794 	 Request Method: GET
2025-04-09	13:41:49 d3e32ea4-436a-48b2-8b5e-b50d31118c3c Request URL: /auth/session 	 Request Method: OPTIONS
2025-04-09	13:41:49 a811f3ec-1911-4351-b3a8-c74551e81063 Request URL: /auth/session 	 Request Method: OPTIONS
2025-04-09	13:41:49 98ddd3d4-62b1-4900-a0c4-974f05c012a9 Request URL: /auth/session 	 Request Method: GET
2025-04-09	13:41:50 29c0fb28-3501-4f94-957c-bb52d5534de2 Request URL: /auth/session 	 Request Method: GET
2025-04-09	13:41:52 aae33d4e-7a08-4148-a876-3145c2f552e9 Request URL: /auth/session 	 Request Method: GET
2025-04-09	13:41:52 c484a796-8a1b-4fc4-b0bd-1a47000e6243 Request URL: /auth/session 	 Request Method: GET
2025-04-09	13:41:53 b7aa3c88-f757-459f-91d3-f924314dfdb8 Request URL: /auth/session 	 Request Method: GET
2025-04-09	13:41:58 92a27890-583d-4ab5-99c8-d70b24068246 Request URL: /auth/session 	 Request Method: OPTIONS
2025-04-09	13:41:58 d717e7a6-49ef-4250-84c2-4a85479494bb Request URL: /auth/session 	 Request Method: OPTIONS
2025-04-09	13:41:58 34f0d442-45c9-4a8c-9149-bf571e19f598 Request URL: /auth/session 	 Request Method: GET
2025-04-09	13:41:58 fd381724-8f2d-42ee-abca-415424b96f89 Request URL: /auth/session 	 Request Method: GET
2025-04-09	13:42:04 19addf5f-133b-4fa3-a574-2db9186e4c4b Request URL: /auth/session 	 Request Method: OPTIONS
2025-04-09	13:42:04 c72e9656-c901-4215-a3c1-71e8bf0fb515 Request URL: /auth/session 	 Request Method: OPTIONS
2025-04-09	13:42:04 bff2adbc-1c6d-4eb1-8125-62b00f794d58 Request URL: /auth/session 	 Request Method: GET
2025-04-09	13:42:04 58849ba6-c02b-43bd-bd47-475b4c8ea1ea Request URL: /auth/session 	 Request Method: GET
2025-04-09	13:42:09 214ff1ae-8be7-468b-ba9f-14f9c9cf16dd Request URL: /auth/session 	 Request Method: OPTIONS
2025-04-09	13:42:09 cd29f070-7262-4692-902c-d101d61f65f6 Request URL: /auth/session 	 Request Method: OPTIONS
2025-04-09	13:42:09 f3d3a667-e8bf-48be-a273-f5fa55081b7a Request URL: /auth/session 	 Request Method: GET
2025-04-09	13:42:10 39e38cad-5d07-4371-9dc8-d2cb3136139e Request URL: /auth/session 	 Request Method: GET
2025-04-09	13:42:36 abc9e7cd-4299-479b-96a9-f9617413b87a Request URL: /auth/session 	 Request Method: OPTIONS
2025-04-09	13:42:36 b85b8dfd-8457-47e2-89eb-8f5ccdef9cbc Request URL: /auth/session 	 Request Method: OPTIONS
2025-04-09	13:42:36 2129ea07-9fa6-4791-90b7-ee2b067a7805 Request URL: /auth/session 	 Request Method: GET
2025-04-09	13:42:36 553b68a8-cbcd-463c-b155-c390653dc3e3 Request URL: /auth/session 	 Request Method: GET
2025-04-09	13:42:50 035cc179-e46b-4f27-ae99-37fbd34403ff Request URL: /auth/session 	 Request Method: OPTIONS
2025-04-09	13:42:50 4cdcc320-c056-43c1-86b7-9926f0546339 Request URL: /auth/session 	 Request Method: OPTIONS
2025-04-09	13:42:50 e3da5ebd-334e-4c16-8c3b-60243c7c9605 Request URL: /auth/session 	 Request Method: GET
2025-04-09	13:42:50 5a07e6ea-fbe4-4b54-9611-6cd7decc1687 Request URL: /auth/session 	 Request Method: GET
2025-04-09	13:42:58 53305221-6f05-43c9-9509-ff47a00e397e Request URL: /auth/session 	 Request Method: OPTIONS
2025-04-09	13:42:58 2c98fa6c-266d-40d8-b5c6-c3a95a45db97 Request URL: /auth/session 	 Request Method: OPTIONS
2025-04-09	13:42:58 61f83663-2d0d-4ec1-a771-29a91b7d6f61 Request URL: /auth/session 	 Request Method: GET
2025-04-09	13:42:58 dd1976e5-49b6-4bf4-9229-9e251a2d4920 Request URL: /auth/session 	 Request Method: GET
2025-04-09	13:43:04 1c84ea41-5d3d-43db-9559-483ac722fb4d Request URL: /auth/session 	 Request Method: OPTIONS
2025-04-09	13:43:04 b94ccc06-bead-4ff6-adf6-16bbf6ba085c Request URL: /auth/session 	 Request Method: OPTIONS
2025-04-09	13:43:04 c76c107d-4812-4cab-9502-a3fcdf0e9a22 Request URL: /auth/session 	 Request Method: GET
2025-04-09	13:43:04 88c2bd4b-e47b-4083-b835-64d14f3c3d91 Request URL: /auth/session 	 Request Method: GET
2025-04-09	13:52:23 ac50c976-26fa-40d8-84cb-208ca60bcefb Request URL: /api/flights 	 Request Method: OPTIONS
2025-04-09	13:52:23 56406de1-ae49-4f01-8bdb-6fe619e4387d Request URL: /api/flights 	 Request Method: GET
2025-04-09	13:53:02 9219b8de-b1e1-4616-982d-435a42afc667 Request URL: /auth/session 	 Request Method: OPTIONS
2025-04-09	13:53:02 d6733a07-fb9f-40ff-99d2-2a77ad6cd2c2 Request URL: /auth/session 	 Request Method: OPTIONS
2025-04-09	13:53:02 7f870ec0-7abb-4feb-8677-200e5bc5614d Request URL: /auth/session 	 Request Method: GET
2025-04-09	13:53:02 a69dfbb1-2d42-4aff-930c-d952a015b748 Request URL: /auth/session 	 Request Method: GET
2025-04-09	13:53:02 27baa3ce-7688-4748-bf69-c35f86942541 Request URL: /api/flights 	 Request Method: OPTIONS
2025-04-09	13:53:02 1099ca05-c924-44ba-8292-438ed41017c6 Request URL: /api/flights 	 Request Method: OPTIONS
2025-04-09	13:53:02 232e8ecc-707c-4445-a357-923c22d92e4c Request URL: /api/flights 	 Request Method: GET
2025-04-09	13:53:02 06bebdeb-c091-4980-b11b-9252405d526c Request URL: /api/flights 	 Request Method: GET
2025-04-09	13:53:24 3a306671-1381-4cee-b25e-d29787f1ebb7 Request URL: /auth/session 	 Request Method: OPTIONS
2025-04-09	13:53:24 c4c252eb-89dc-4c58-bc40-4c0c5d8bfe19 Request URL: /auth/session 	 Request Method: OPTIONS
2025-04-09	13:53:24 cd9bac39-f261-4618-837f-33344c99dd7b Request URL: /auth/session 	 Request Method: GET
2025-04-09	13:53:24 01b3138d-8e06-4001-a55a-9a0e728edd90 Request URL: /auth/session 	 Request Method: GET
2025-04-09	13:53:25 ab98d2a6-5ebd-4d5a-88f6-11b2dc2534f5 Request URL: /api/flight 	 Request Method: OPTIONS
2025-04-09	13:53:25 cce5a086-d12f-46c6-bf3c-b6c81c774837 Request URL: /api/flight 	 Request Method: OPTIONS
2025-04-09	13:53:25 b4618358-72c7-4125-95bb-d058587b6292 Request URL: /api/flight 	 Request Method: GET
2025-04-09	13:53:25 e3eea8e5-303d-450e-a793-1c16206b1efb Request URL: /api/flight 	 Request Method: GET
2025-04-09	13:54:13 2e2410fc-8957-47c7-8249-23b02bb13253 Request URL: /api/flight 	 Request Method: OPTIONS
2025-04-09	13:54:13 07165d89-74a4-4e4a-9a6c-a03fbc4a06cb Request URL: /api/flight 	 Request Method: GET
2025-04-09	13:54:15 525af9d5-4d03-4622-b57b-1992486a8aa6 Request URL: /api/flight 	 Request Method: GET
2025-04-09	13:54:19 0b58e1d2-59ba-47d0-9c72-44b360fdf53b Request URL: /api/flight 	 Request Method: OPTIONS
2025-04-09	13:54:19 ba112b62-152d-484a-ba44-62ed4e9436a5 Request URL: /api/flight 	 Request Method: GET
2025-04-09	14:04:56 126fd3b8-b4e4-40e7-9979-009ff6cefcc2 Request URL: /auth/session 	 Request Method: OPTIONS
2025-04-09	14:04:56 8f56995b-aba2-49f2-8011-bd28cc213c8d Request URL: /auth/session 	 Request Method: OPTIONS
2025-04-09	14:04:56 07823968-698d-484b-93dd-5fa694bf200c Request URL: /auth/session 	 Request Method: GET
2025-04-09	14:04:56 a4a24eef-4a83-40df-be78-503a0cc28d1f Request URL: /auth/session 	 Request Method: GET
2025-04-09	14:04:57 0f6e1b1f-bc43-45d4-9bce-c62b4be13577 Request URL: /api/flight 	 Request Method: OPTIONS
2025-04-09	14:04:57 48b7d130-8674-4c67-9678-983263e8d4a3 Request URL: /api/flight 	 Request Method: OPTIONS
2025-04-09	14:04:57 8098875e-eeb8-457b-8547-4e1f31699cf4 Request URL: /api/flight 	 Request Method: GET
2025-04-09	14:04:57 846c11b7-11f5-4877-a7b7-4d07fca529c4 Request URL: /api/flight 	 Request Method: GET
2025-04-09	14:05:00 11eedf27-22af-46a6-b9d0-f5d5883e81ec Request URL: /auth/session 	 Request Method: GET
2025-04-09	14:05:00 19c34398-a10a-4ab5-a836-d0efade3cdbd Request URL: /auth/session 	 Request Method: GET
2025-04-09	14:05:01 fe7bedb6-ed20-4199-9efd-8701a22c6ff7 Request URL: /api/flight 	 Request Method: GET
2025-04-09	14:05:01 469e8c4d-b644-4764-b9df-74fd408a9618 Request URL: /api/flight 	 Request Method: GET
2025-04-09	14:05:31 145f9b33-baf2-4a42-8f1e-28409e751e40 Request URL: /auth/session 	 Request Method: OPTIONS
2025-04-09	14:05:31 ed9e51ef-7565-481e-a30b-387003df0c01 Request URL: /auth/session 	 Request Method: OPTIONS
2025-04-09	14:05:31 b788c93f-8bf0-4e85-9674-97a6d0433087 Request URL: /auth/session 	 Request Method: GET
2025-04-09	14:05:32 cc48421b-bba9-43de-bb66-d283fb53c05c Request URL: /auth/session 	 Request Method: GET
2025-04-09	14:05:32 8d4acf03-3d98-4d9d-ac64-7e27dc1350eb Request URL: /api/flight 	 Request Method: OPTIONS
2025-04-09	14:05:32 d06fa7bf-93fb-428a-810d-6b1b69dbb5b5 Request URL: /api/flight 	 Request Method: OPTIONS
2025-04-09	14:05:32 484d7c6e-14e3-4019-8cfe-abce6dfc5223 Request URL: /api/flight 	 Request Method: GET
2025-04-09	14:05:32 72762baa-0a05-48f1-866b-c8b52a981ec9 Request URL: /api/flight 	 Request Method: GET
2025-04-09	14:05:35 a7329949-c2e6-476f-a6e7-f4d9b0a515cc Request URL: /auth/session 	 Request Method: GET
2025-04-09	14:05:36 08872037-16f5-4b4b-a8fd-ac17a7752ddc Request URL: /auth/session 	 Request Method: GET
2025-04-09	14:05:36 42a96fe5-b610-4e03-96fe-eec9a0f7962b Request URL: /api/flight 	 Request Method: GET
2025-04-09	14:05:36 2c631385-666f-4baf-a097-7b406d7ee800 Request URL: /api/flight 	 Request Method: GET
2025-04-09	14:07:47 64139353-5f46-4d8a-94cf-9fdfe2d6689c Request URL: /api/flight/undefined 	 Request Method: OPTIONS
2025-04-09	14:07:47 ab3bb572-b031-4047-913c-fb14a4d619cd Request URL: /api/flight/undefined 	 Request Method: OPTIONS
2025-04-09	14:09:09 7564b10a-cd07-48bd-941a-d3319d22edaf Request URL: /auth/login 	 Request Method: OPTIONS
2025-04-09	14:09:09 706fb207-16dd-47d4-a705-7893cbaf1485 Request URL: /auth/login 	 Request Method: POST
2025-04-09	14:09:20 f6974fa0-76c4-4105-b7a1-5ea9f81fcf2a Request URL: /api/flight 	 Request Method: OPTIONS
2025-04-09	14:09:20 f673f6ec-7bb9-43df-8aea-3ec02868db0a Request URL: /api/flight 	 Request Method: OPTIONS
2025-04-09	14:09:20 c6c7e2ba-828e-4158-b864-b933d3af1878 Request URL: /api/flight 	 Request Method: GET
2025-04-09	14:09:20 2c68f5cf-6d7f-403c-9cf3-babcbb869d6a Request URL: /api/flight 	 Request Method: GET
2025-04-09	14:09:23 24831cf1-d6a4-4a7e-978e-c6e5248f3710 Request URL: /api/flight/undefined 	 Request Method: OPTIONS
2025-04-09	14:09:23 57861942-79c5-4f2c-996a-afc153aa018d Request URL: /api/flight/undefined 	 Request Method: OPTIONS
2025-04-09	14:09:23 28468984-537e-467d-a9e3-5681bbe90cb6 Request URL: /api/flight/undefined 	 Request Method: GET
2025-04-09	14:09:23 cc0d3992-b3b7-449b-b5b3-6ed578eeb9a3 Request URL: /api/flight/undefined 	 Request Method: GET
2025-04-09	14:09:29 a8a9659a-49c6-48ab-b036-8d2d21fc6375 Request URL: /api/flight 	 Request Method: OPTIONS
2025-04-09	14:09:29 45a82a0c-fb2f-43c7-a3f4-f4b2c0e86be0 Request URL: /api/flight 	 Request Method: OPTIONS
2025-04-09	14:09:29 f2e4765f-5037-48a7-9ad1-40ad5d0a95e7 Request URL: /api/flight 	 Request Method: GET
2025-04-09	14:09:29 3893c98b-02b8-415f-9f1a-9122efafb679 Request URL: /api/flight 	 Request Method: GET
2025-04-09	14:11:41 8fbdd7e0-7ecf-4a91-8d1c-d5020dff1d3f Request URL: /auth/session 	 Request Method: OPTIONS
2025-04-09	14:11:41 9f29466b-cccc-481a-bffb-b67689f73d53 Request URL: /auth/session 	 Request Method: GET
2025-04-09	14:11:41 8477cb2b-ebfe-4292-8d13-ed23a559cdbb Request URL: /auth/session 	 Request Method: OPTIONS
2025-04-09	14:11:41 9e80a18e-0e45-49d7-bb63-08c75ccf05c3 Request URL: /auth/session 	 Request Method: GET
2025-04-09	14:11:42 7238f49b-66e9-4503-a305-42a56913e960 Request URL: /api/flight 	 Request Method: OPTIONS
2025-04-09	14:11:42 204f2f67-c33d-475d-9d33-ac8bb70b8dc9 Request URL: /api/flight 	 Request Method: OPTIONS
2025-04-09	14:11:42 b504ff78-7cd0-47d1-a06e-a6177c0a4ae7 Request URL: /api/flight 	 Request Method: GET
2025-04-09	14:11:42 25a20c31-a9fa-4afc-9aed-192ae381197f Request URL: /api/flight 	 Request Method: GET
2025-04-09	14:12:09 c792ccef-1f86-41f1-a09e-9a0821cb61ff Request URL: /api/flight/67f4fc82e48fe75a377ada03 	 Request Method: OPTIONS
2025-04-09	14:12:09 f9a8d327-2789-4cc8-8cf9-fc77874e8651 Request URL: /api/flight/67f4fc82e48fe75a377ada03 	 Request Method: OPTIONS
2025-04-09	14:13:05 fc0fa59b-8ed1-4fb9-907d-350f26aa0f6a Request URL: /api/flight 	 Request Method: OPTIONS
2025-04-09	14:13:05 2897e690-4ff4-42e0-8d75-ae6f110f3605 Request URL: /api/flight 	 Request Method: OPTIONS
2025-04-09	14:13:05 9b13cea4-0e5c-4cc2-b376-95f8bbe7d5e2 Request URL: /api/flight 	 Request Method: GET
2025-04-09	14:13:05 bc11ae86-b2a1-41fd-8cfd-2a2bca57c5ba Request URL: /api/flight 	 Request Method: GET
2025-04-09	14:13:07 76ae75a6-6df4-4532-a604-4ae00e10fde0 Request URL: /api/flight/67f4fc82e48fe75a377ada03 	 Request Method: OPTIONS
2025-04-09	14:13:07 5c6a2a41-32a9-4f7e-8aba-d580aeb9f6f4 Request URL: /api/flight/67f4fc82e48fe75a377ada03 	 Request Method: OPTIONS
2025-04-09	14:13:42 42be5002-9eec-4e0d-aae2-fa88fa580a78 Request URL: /api/flight 	 Request Method: OPTIONS
2025-04-09	14:13:42 ed7b6d7d-8776-4cdc-ae8c-b47038d71b5b Request URL: /api/flight 	 Request Method: GET
2025-04-09	14:13:42 e6ee432d-e798-4ec0-9c51-7a3de7169fb9 Request URL: /api/flight 	 Request Method: OPTIONS
2025-04-09	14:13:42 54d26b8f-6fe5-4b5b-8b76-483a25ba40cf Request URL: /api/flight 	 Request Method: GET
2025-04-09	14:13:43 96bab058-8ece-45c4-8482-ce6813e4ef13 Request URL: /api/flight/67f4fc82e48fe75a377ada03 	 Request Method: OPTIONS
2025-04-09	14:13:43 35aaa736-6cf3-42cb-91ef-a19e7989bfe3 Request URL: /api/flight/67f4fc82e48fe75a377ada03 	 Request Method: OPTIONS
2025-04-09	14:13:43 89bccdd5-225c-4adb-b227-183760019a45 Request URL: /api/flight/67f4fc82e48fe75a377ada03 	 Request Method: GET
2025-04-09	14:13:44 90c788c0-92c0-4d1f-8819-8bdcd45934fa Request URL: /api/flight/67f4fc82e48fe75a377ada03 	 Request Method: GET
2025-04-09	14:15:18 59cc94fb-8f6a-45bc-956d-18b584da6f2a Request URL: /api/flight/67f4fc82e48fe75a377ada03 	 Request Method: OPTIONS
2025-04-09	14:15:18 085a1ba8-bc65-4fce-a4de-63f9a35d262a Request URL: /api/flight/67f4fc82e48fe75a377ada03 	 Request Method: GET
2025-04-09	14:16:37 a37ecd48-26ce-4f3d-bad9-225aaded0e71 Request URL: /api/flight 	 Request Method: OPTIONS
2025-04-09	14:16:37 c2fda112-dfb3-4665-8dd1-4096933f1a2e Request URL: /api/flight 	 Request Method: OPTIONS
2025-04-09	14:16:37 64f5bc9b-43fb-48c6-82fb-0059ea95b3c9 Request URL: /api/flight 	 Request Method: GET
2025-04-09	14:16:37 88556ddc-fb25-45b2-a8e6-49708752ebd8 Request URL: /api/flight 	 Request Method: GET
2025-04-09	14:22:12 dfae3d99-3aac-4f2a-a866-0cff38db6d93 Request URL: /auth/session 	 Request Method: OPTIONS
2025-04-09	14:22:12 5bcbdccc-213b-4934-956e-a4e52836b121 Request URL: /auth/session 	 Request Method: OPTIONS
2025-04-09	14:22:12 506877b6-0094-4ee8-b2b2-d2412a3d3178 Request URL: /auth/session 	 Request Method: GET
2025-04-09	14:22:12 5ec90cfb-8367-4d8e-8e5b-8a8ddf5196f7 Request URL: /auth/session 	 Request Method: GET
2025-04-09	14:22:13 074f3afa-9f6f-4c52-87c5-e0ddd4e7ed02 Request URL: /api/flight 	 Request Method: OPTIONS
2025-04-09	14:22:13 a2eb26ea-8fb9-4262-9e8e-74798b6040fd Request URL: /api/flight 	 Request Method: OPTIONS
2025-04-09	14:22:13 34711f34-48cb-43d6-a612-236ec26f6439 Request URL: /api/flight 	 Request Method: GET
2025-04-09	14:22:13 a534d0cb-37a8-4bba-b4b6-90206c15958f Request URL: /api/flight 	 Request Method: GET
2025-04-09	14:25:18 75ff1068-66b2-470d-863e-7ff182365b16 Request URL: /auth/session 	 Request Method: OPTIONS
2025-04-09	14:25:18 05b1b75d-0fb7-4357-a03e-160b0c20491a Request URL: /auth/session 	 Request Method: OPTIONS
2025-04-09	14:25:18 c220240a-cbef-45a0-8f1e-9f34f3e80098 Request URL: /auth/session 	 Request Method: GET
2025-04-09	14:25:36 1443c085-abb6-4691-9468-6e830679ff71 Request URL: /auth/session 	 Request Method: OPTIONS
2025-04-09	14:25:36 ae32f324-5f8c-4f18-88dd-d986a894d527 Request URL: /auth/session 	 Request Method: OPTIONS
2025-04-09	14:25:36 95849d61-30fb-4c17-96be-bc44e5e75d34 Request URL: /auth/session 	 Request Method: GET
2025-04-09	14:25:46 f56f045b-7721-497b-a4a4-dfdf5e2c63a4 Request URL: /auth/login 	 Request Method: OPTIONS
2025-04-09	14:25:46 13fbd859-0b84-4c03-b274-6ce27076126f Request URL: /auth/login 	 Request Method: POST
2025-04-09	14:25:56 c73bb6d2-8622-4810-a673-13200172f09d Request URL: /auth/session 	 Request Method: GET
2025-04-09	14:27:37 1d952ed6-2022-43d1-a219-3b4b392e8150 Request URL: /auth/login 	 Request Method: OPTIONS
2025-04-09	14:27:37 4e211aa2-5340-4e90-9349-32cf27bb0e9b Request URL: /auth/login 	 Request Method: POST
2025-04-09	14:28:35 1d2154f4-59d1-4e1e-87b3-fd6fe2b178b4 Request URL: /api/flight 	 Request Method: OPTIONS
2025-04-09	14:28:35 ff8db298-6565-45c5-b729-b2880ac81c44 Request URL: /api/flight 	 Request Method: OPTIONS
2025-04-09	14:28:35 c8342545-484a-44ed-b600-864fc7e85049 Request URL: /api/flight 	 Request Method: GET
2025-04-09	14:28:35 167a2e06-11c5-4e87-927f-7ecc8c9f29fb Request URL: /api/flight 	 Request Method: GET
2025-04-09	14:29:05 f73cee7a-ded3-4793-a006-0f797483f7c1 Request URL: /api/flight 	 Request Method: OPTIONS
2025-04-09	14:29:05 2716302e-08f2-4076-8ffc-3c0f4b50d585 Request URL: /api/flight 	 Request Method: OPTIONS
2025-04-09	14:29:05 455a3fc1-c81a-4619-a683-30dd5ab75c09 Request URL: /api/flight 	 Request Method: GET
2025-04-09	14:29:05 73d584e5-ca78-40d5-91f2-846f22dffdad Request URL: /api/flight 	 Request Method: GET
2025-04-09	14:29:17 763f7a72-0c27-4905-ba47-5ae05ddf485a Request URL: /api/flight 	 Request Method: OPTIONS
2025-04-09	14:29:17 7c618cd8-c9c3-4d5c-a1be-29188b55530f Request URL: /api/flight 	 Request Method: OPTIONS
2025-04-09	14:29:17 2298b5b9-1553-4e93-b895-77f4e799eac0 Request URL: /api/flight 	 Request Method: GET
2025-04-09	14:29:17 02bf5415-83f1-4e2c-9899-890e8c84d44b Request URL: /api/flight 	 Request Method: GET
2025-04-09	14:37:23 87629644-7982-440f-93c0-774109b6340d Request URL: /api/flight/undefined 	 Request Method: OPTIONS
2025-04-09	14:37:23 ecaea04a-c7d0-4fe4-8f77-ba457c09adbf Request URL: /api/flight/undefined 	 Request Method: OPTIONS
2025-04-09	15:04:25 7c1419ba-728c-4feb-9300-52f49cb1e10a Request URL: /auth/session 	 Request Method: OPTIONS
2025-04-09	15:04:25 dd8f3488-d911-4fd4-8fce-9f129e244f75 Request URL: /auth/session 	 Request Method: OPTIONS
2025-04-09	15:04:25 f54ce4ee-e971-4144-8875-f8c8b6fd8708 Request URL: /auth/session 	 Request Method: GET
2025-04-09	15:04:25 721b0f7d-9af9-473c-95b5-be44589d8ede Request URL: /auth/session 	 Request Method: GET
2025-04-09	15:04:26 bbee1285-abed-4f0e-9868-c60ac691d300 Request URL: /api/flight 	 Request Method: OPTIONS
2025-04-09	15:04:26 e1d451f0-7a40-46f2-a1c4-86f20ae79a61 Request URL: /api/flight 	 Request Method: OPTIONS
2025-04-09	15:04:26 fac81ecd-e623-465f-ab74-71570b127a4d Request URL: /api/flight 	 Request Method: GET
2025-04-09	15:04:26 430423f6-5b84-44f8-87f0-54d805c2ad22 Request URL: /api/flight 	 Request Method: GET
2025-04-09	15:04:39 b72bf09b-fd34-489f-8720-06ef9d2f6c8f Request URL: /api/flight 	 Request Method: OPTIONS
2025-04-09	15:04:39 a6f41298-3c7b-4f51-ac22-235599c0a6f1 Request URL: /api/flight 	 Request Method: OPTIONS
2025-04-09	15:04:39 f48c8dfe-c267-4725-9111-7f658f0c5b09 Request URL: /api/flight 	 Request Method: GET
2025-04-09	15:04:39 d24cd164-013c-4bcd-b64b-2bbdb2c590b2 Request URL: /api/flight 	 Request Method: GET
2025-04-09	15:04:42 d5c1b4fc-f268-4b5b-bc3d-101b144d55ed Request URL: /api/flight/67f4fc82e48fe75a377ada03 	 Request Method: OPTIONS
2025-04-09	15:04:42 9e10cf65-1433-410d-86be-43c678de6316 Request URL: /api/flight/67f4fc82e48fe75a377ada03 	 Request Method: OPTIONS
2025-04-09	15:04:42 8746a99f-d334-4daf-afb9-4ed17b229140 Request URL: /api/flight/67f4fc82e48fe75a377ada03 	 Request Method: GET
2025-04-09	15:04:42 e893838c-ba64-40f9-8103-519150738488 Request URL: /api/flight/67f4fc82e48fe75a377ada03 	 Request Method: GET
2025-04-09	15:06:12 5c54a1d2-1c93-427e-932b-057925417eab Request URL: /api/flight 	 Request Method: OPTIONS
2025-04-09	15:06:12 dd708b1d-cf0a-4ce1-9859-ec00b533b6dd Request URL: /api/flight 	 Request Method: OPTIONS
2025-04-09	15:06:12 6b2289b1-3a43-43e9-8a5f-13108800c1f1 Request URL: /api/flight 	 Request Method: GET
2025-04-09	15:06:12 8139a36f-3206-4d6a-86e4-30c10e674204 Request URL: /api/flight 	 Request Method: GET
2025-04-09	15:07:45 ca1cca2a-c644-4699-a3c3-fc2b2ada1bb1 Request URL: /auth/session 	 Request Method: OPTIONS
2025-04-09	15:07:45 1f8a9d9d-b2e8-42c6-9b64-c75260f22ee8 Request URL: /auth/session 	 Request Method: OPTIONS
2025-04-09	15:07:45 9df180b1-2645-43e0-bc66-a6408029417d Request URL: /auth/session 	 Request Method: GET
2025-04-09	15:07:46 c82a8979-b3bd-4750-9a72-b9a5eaf965f0 Request URL: /auth/session 	 Request Method: GET
2025-04-09	15:07:46 870d7097-2522-43c0-b35d-879f55f51690 Request URL: /api/flight 	 Request Method: OPTIONS
2025-04-09	15:07:46 51bee286-b7e4-4217-9fbf-37eba028c723 Request URL: /api/flight 	 Request Method: OPTIONS
2025-04-09	15:07:46 ed4399df-f9f4-40cd-8496-1a036029465b Request URL: /api/flight 	 Request Method: GET
2025-04-09	15:07:46 9016a678-17ed-453f-8e46-269e596621bb Request URL: /api/flight 	 Request Method: GET
2025-04-09	15:08:13 0275304b-c000-4ba9-b137-cad982a20721 Request URL: /auth/session 	 Request Method: OPTIONS
2025-04-09	15:08:13 6b29fb9c-3426-4e86-9698-ba7e2a904db7 Request URL: /auth/session 	 Request Method: OPTIONS
2025-04-09	15:08:13 74cf1c91-1dc6-4281-8e5f-b5a865b550b9 Request URL: /auth/session 	 Request Method: GET
2025-04-09	15:08:13 9450c9a2-942a-4da0-b64c-4b57d362c2e4 Request URL: /auth/session 	 Request Method: GET
2025-04-09	15:08:14 449a906d-1152-42b7-bef0-b51b479c4dd0 Request URL: /api/flight 	 Request Method: OPTIONS
2025-04-09	15:08:14 1ad35ba7-7c63-49f7-a43c-7bf7864bb331 Request URL: /api/flight 	 Request Method: OPTIONS
2025-04-09	15:08:14 6a0a0611-5572-43bd-ad1d-30e4adedbf27 Request URL: /api/flight 	 Request Method: GET
2025-04-09	15:08:14 c2a83254-9174-436d-b8c1-91b1e367a853 Request URL: /api/flight 	 Request Method: GET
2025-04-09	15:09:59 df5259d2-06df-4752-910e-857c1ca91d62 Request URL: /auth/session 	 Request Method: OPTIONS
2025-04-09	15:09:59 e21f4db9-04ce-4768-821b-e1f7bbca1a87 Request URL: /auth/session 	 Request Method: OPTIONS
2025-04-09	15:09:59 b01f40b3-f9fd-469a-9225-b755ef146e1d Request URL: /auth/session 	 Request Method: GET
2025-04-09	15:09:59 9799d68a-49d7-41fa-a355-345503568d6c Request URL: /auth/session 	 Request Method: GET
2025-04-09	15:10:00 98bb7c87-6c3a-4498-84c0-847ca015e4de Request URL: /api/flight 	 Request Method: OPTIONS
2025-04-09	15:10:00 b94ca90f-fe12-4e52-adf3-db4a558153c0 Request URL: /api/flight 	 Request Method: OPTIONS
2025-04-09	15:10:00 deec7622-726c-4bfa-8698-d2cfb6e370ad Request URL: /api/flight 	 Request Method: GET
2025-04-09	15:10:00 31214d38-f0f5-400a-a17c-a45793611d2c Request URL: /api/flight 	 Request Method: GET
2025-04-09	15:10:42 829eaed2-23dc-444a-b258-a171d5c01299 Request URL: /api/flight/67f4fc82e48fe75a377ada03 	 Request Method: OPTIONS
2025-04-09	15:10:42 0f094d2e-9e1b-4897-8b3a-0249cf45fed7 Request URL: /api/flight/67f4fc82e48fe75a377ada03 	 Request Method: OPTIONS
2025-04-09	15:10:42 4d08c643-09e1-4d07-8264-d4e5388bb8b5 Request URL: /api/flight/67f4fc82e48fe75a377ada03 	 Request Method: GET
2025-04-09	15:10:42 69dfe37d-7156-46c5-8548-f0afebd5018f Request URL: /api/flight/67f4fc82e48fe75a377ada03 	 Request Method: GET
2025-04-09	15:10:44 ba05a75d-0f91-4850-9c3e-39623af7cca0 Request URL: /api/flight 	 Request Method: OPTIONS
2025-04-09	15:10:44 faba8aed-7f39-4b8d-afb3-8361e878dac8 Request URL: /api/flight 	 Request Method: OPTIONS
2025-04-09	15:10:44 ad53e15b-4117-42e3-b1e4-8b12ac73fca0 Request URL: /api/flight 	 Request Method: GET
2025-04-09	15:10:44 c7b34eb0-5de3-41c8-bd78-696d6ea0c705 Request URL: /api/flight 	 Request Method: GET
2025-04-09	15:12:46 67230eeb-ceb4-4232-9e1b-29131e6aef23 Request URL: /api/flight/67f4fc82e48fe75a377ada03 	 Request Method: OPTIONS
2025-04-09	15:12:46 7b6b592b-9e37-4cd6-b4be-48039cb50be2 Request URL: /api/flight/67f4fc82e48fe75a377ada03 	 Request Method: OPTIONS
2025-04-09	15:12:46 e334e631-11b7-4c5b-a954-7b364052d59c Request URL: /api/flight/67f4fc82e48fe75a377ada03 	 Request Method: GET
2025-04-09	15:12:48 80dccd0c-8d5f-41f7-9b8a-ec6ed3388865 Request URL: /api/flight/67f4fc82e48fe75a377ada03 	 Request Method: GET
2025-04-09	15:15:51 b8bac474-864e-4a0e-b6b8-da317bf6baf3 Request URL: /api/flight 	 Request Method: OPTIONS
2025-04-09	15:15:51 2a51793c-c360-41a5-ae37-9a16b0c909aa Request URL: /api/flight 	 Request Method: OPTIONS
2025-04-09	15:15:51 ac518ee7-e522-4a7b-9f21-5ab5c1507dd6 Request URL: /api/flight 	 Request Method: GET
2025-04-09	15:15:51 215f30be-40d6-41b0-b07b-70119f280b13 Request URL: /api/flight 	 Request Method: GET
2025-04-09	15:15:57 c0a84f7a-65e8-4062-9518-a779c71cb544 Request URL: /api/flight/67f4fc82e48fe75a377ada04 	 Request Method: OPTIONS
2025-04-09	15:15:57 e20e098c-bddd-4eab-9a83-192577c4dbc2 Request URL: /api/flight/67f4fc82e48fe75a377ada04 	 Request Method: OPTIONS
2025-04-09	15:15:57 1a885373-1a86-4108-8b7a-87851cc907a3 Request URL: /api/flight/67f4fc82e48fe75a377ada04 	 Request Method: GET
2025-04-09	15:15:57 6f2c8482-381f-4250-888b-f7daaa8cbf09 Request URL: /api/flight/67f4fc82e48fe75a377ada04 	 Request Method: GET
2025-04-09	15:19:05 b3e8dd33-e777-4d93-8b2a-515cd6a9792b Request URL: /auth/session 	 Request Method: OPTIONS
2025-04-09	15:19:05 db367b6e-86c3-4aa6-adac-a856a2991210 Request URL: /auth/session 	 Request Method: OPTIONS
2025-04-09	15:19:05 621c351f-2782-4c6e-8895-26edf7486770 Request URL: /auth/session 	 Request Method: GET
2025-04-09	15:19:05 9504b248-63c1-4990-94b3-e0bc7120791c Request URL: /auth/session 	 Request Method: GET
2025-04-09	15:19:06 15cd7b44-34d6-4947-a492-92c43d9f02af Request URL: /api/flight/67f4fc82e48fe75a377ada04 	 Request Method: OPTIONS
2025-04-09	15:19:06 9170978f-ffa7-48f3-b0c3-4e03cf5e247e Request URL: /api/flight/67f4fc82e48fe75a377ada04 	 Request Method: OPTIONS
2025-04-09	15:19:06 1f807cd9-d09a-45f1-9b7d-471b048954e0 Request URL: /api/flight/67f4fc82e48fe75a377ada04 	 Request Method: GET
2025-04-09	15:19:06 990003b0-c181-4007-b282-251ca5c1d9de Request URL: /api/flight/67f4fc82e48fe75a377ada04 	 Request Method: GET
2025-04-09	15:22:13 f2da799e-b833-4d7f-9f28-dff367457cea Request URL: /api/flight/67f4fc82e48fe75a377ada04 	 Request Method: OPTIONS
2025-04-09	15:22:13 8b71337c-e631-4756-a16e-2e962282d527 Request URL: /api/flight/67f4fc82e48fe75a377ada04 	 Request Method: GET
2025-04-09	15:22:20 a4abb148-ecc3-4825-a70a-0f5ca58bb146 Request URL: /api/flight/67f4fc82e48fe75a377ada04 	 Request Method: OPTIONS
2025-04-09	15:22:20 6d9e2990-301b-43ea-b796-8f328d7a4d16 Request URL: /api/flight/67f4fc82e48fe75a377ada04 	 Request Method: GET
2025-04-09	15:22:26 c880cc7d-fc4e-4a97-8ea3-1d425a24525d Request URL: /api/flight/67f4fc82e48fe75a377ada04 	 Request Method: OPTIONS
2025-04-09	15:22:26 cfdaa869-c4ee-45a5-8254-5a4f17e3530c Request URL: /api/flight/67f4fc82e48fe75a377ada04 	 Request Method: GET
2025-04-09	15:22:30 abc98a51-a5a6-40bc-b57a-f22acbdce0c4 Request URL: /api/flight/67f4fc82e48fe75a377ada04 	 Request Method: GET
2025-04-09	15:23:47 d36129c7-90f6-4955-a118-cde06fd52306 Request URL: /api/flight/67f4fc82e48fe75a377ada04 	 Request Method: OPTIONS
2025-04-09	15:23:47 2ffc9108-aa86-4c4b-a918-3053b9aa8fcf Request URL: /api/flight/67f4fc82e48fe75a377ada04 	 Request Method: GET
2025-04-09	15:24:53 8c1785ce-576b-482b-b5a0-fc1c214c94e5 Request URL: /api/flight/67f4fc82e48fe75a377ada04 	 Request Method: OPTIONS
2025-04-09	15:24:53 a67a71a0-76c2-4541-af90-5223f9c84520 Request URL: /api/flight/67f4fc82e48fe75a377ada04 	 Request Method: GET
2025-04-09	15:25:04 a7a470ef-d5b8-4e11-964b-d9be8e79f84f Request URL: /api/flight/67f4fc82e48fe75a377ada04 	 Request Method: OPTIONS
2025-04-09	15:25:04 a9abc2cc-1cdf-4fa2-9e60-d98468547eb0 Request URL: /api/flight/67f4fc82e48fe75a377ada04 	 Request Method: OPTIONS
2025-04-09	15:25:04 a0bbaa18-1ead-4eec-a88a-8f39720b4789 Request URL: /api/flight/67f4fc82e48fe75a377ada04 	 Request Method: GET
2025-04-09	15:25:04 57ab424a-bb2a-4650-a074-fa6272b703ac Request URL: /api/flight/67f4fc82e48fe75a377ada04 	 Request Method: GET
2025-04-09	15:25:07 8efdf4cb-3782-42c0-815d-8b5107855694 Request URL: /api/flight 	 Request Method: OPTIONS
2025-04-09	15:25:07 c5da31ae-037b-47f1-a7d4-e51ac5dd633e Request URL: /api/flight 	 Request Method: OPTIONS
2025-04-09	15:25:07 2a29c046-6808-4367-b3a5-a4c305587821 Request URL: /api/flight 	 Request Method: GET
2025-04-09	15:25:07 68c312f3-8e38-4969-8c72-aef00acc61fe Request URL: /api/flight 	 Request Method: GET
2025-04-09	15:25:09 9af42916-6e73-4e2e-8666-988282295845 Request URL: /api/flight/67f4fc82e48fe75a377ada03 	 Request Method: OPTIONS
2025-04-09	15:25:09 e39f22e0-a1f4-46f6-8934-deea3c577596 Request URL: /api/flight/67f4fc82e48fe75a377ada03 	 Request Method: OPTIONS
2025-04-09	15:25:09 ef779cc2-b6a7-4aaa-8fcd-59a6ad7a0403 Request URL: /api/flight/67f4fc82e48fe75a377ada03 	 Request Method: GET
2025-04-09	15:25:10 791a0aca-dfbc-4d62-93e6-e980bfcf08dc Request URL: /api/flight/67f4fc82e48fe75a377ada03 	 Request Method: GET
2025-04-09	15:25:12 0177d40b-f7ab-4ba3-b392-b3891fc4ff17 Request URL: /api/flight 	 Request Method: OPTIONS
2025-04-09	15:25:12 c8de4533-eec7-4db6-ac31-1835f2fb00a7 Request URL: /api/flight 	 Request Method: OPTIONS
2025-04-09	15:25:12 ee54d4fd-b0e3-4c61-b25d-9adcd7e2145c Request URL: /api/flight 	 Request Method: GET
2025-04-09	15:25:13 81349c4a-4174-40fa-b2b0-30f6828720fa Request URL: /api/flight 	 Request Method: GET
2025-04-09	15:25:15 b4868c94-6ae7-469d-b478-328a6ce0e20b Request URL: /api/flight/67f4fc82e48fe75a377ada03 	 Request Method: OPTIONS
2025-04-09	15:25:15 700a0166-1fcc-42e2-99d7-8a25f513b999 Request URL: /api/flight/67f4fc82e48fe75a377ada03 	 Request Method: OPTIONS
2025-04-09	15:25:15 eff37a20-ccc9-4e88-b866-d5b9c7f1a75a Request URL: /api/flight/67f4fc82e48fe75a377ada03 	 Request Method: GET
2025-04-09	15:25:15 d60fb204-5874-4404-ab9f-b2ad007dc8d4 Request URL: /api/flight/67f4fc82e48fe75a377ada03 	 Request Method: GET
2025-04-09	15:30:26 027d8d7a-87f1-45e4-a1ca-767d6b66cac8 Request URL: /api/flight/67f4fc82e48fe75a377ada03 	 Request Method: OPTIONS
2025-04-09	15:30:26 9ae2478b-f8f9-4f7d-9ee3-215f0de555ac Request URL: /api/flight/67f4fc82e48fe75a377ada03 	 Request Method: GET
2025-04-09	15:30:29 4fba2c95-60dc-4093-85a7-f311358e9440 Request URL: /api/flight/67f4fc82e48fe75a377ada03 	 Request Method: GET
2025-04-09	15:30:31 5cbbd83a-0304-4859-9a43-c3273f35be59 Request URL: /api/flight/67f4fc82e48fe75a377ada03 	 Request Method: GET
2025-04-09	15:30:32 8a07300e-9c22-46c1-8aae-0db15b4dd569 Request URL: /api/flight/67f4fc82e48fe75a377ada03 	 Request Method: OPTIONS
2025-04-09	15:30:32 20a93479-0e7f-44e1-86fe-6b67f5e620bc Request URL: /api/flight/67f4fc82e48fe75a377ada03 	 Request Method: GET
2025-04-09	15:30:36 0bafea29-3a7e-43a1-a3fb-bb6c643e20b6 Request URL: /api/flight/67f4fc82e48fe75a377ada03 	 Request Method: GET
2025-04-09	15:31:21 d9f98d6c-99ec-4a6e-8da7-4b4aeb26b6da Request URL: /api/flight 	 Request Method: OPTIONS
2025-04-09	15:31:21 9465a1c3-5450-46db-9e6b-5357c0abc4f0 Request URL: /api/flight 	 Request Method: OPTIONS
2025-04-09	15:31:21 bb32fc6a-beb2-479f-835f-a339460ae487 Request URL: /api/flight 	 Request Method: GET
2025-04-09	15:31:21 fcd724f9-80b1-4323-a1e4-f975879b7b21 Request URL: /api/flight 	 Request Method: GET
2025-04-09	15:31:23 3acfd1bc-0815-4d37-9729-8ba5921e207f Request URL: /api/flight/67f4fc82e48fe75a377ada04 	 Request Method: OPTIONS
2025-04-09	15:31:23 f5e6b49c-b302-42c5-ad7d-80e163243588 Request URL: /api/flight/67f4fc82e48fe75a377ada04 	 Request Method: OPTIONS
2025-04-09	15:31:23 dd424ac9-3ab9-405b-b8f1-63e6d23d72e7 Request URL: /api/flight/67f4fc82e48fe75a377ada04 	 Request Method: GET
2025-04-09	15:31:23 72badb0b-00bc-4dd7-89da-5cd30c3002c3 Request URL: /api/flight/67f4fc82e48fe75a377ada04 	 Request Method: GET
2025-04-09	15:31:30 1836588a-f4ca-49a4-af26-0311dcb6975a Request URL: /api/flight 	 Request Method: OPTIONS
2025-04-09	15:31:30 3c87bdf1-59e6-4eb4-8691-2e4d803bce85 Request URL: /api/flight 	 Request Method: OPTIONS
2025-04-09	15:31:30 af3d8922-dbec-43a0-9fad-7dac5cbbfbe7 Request URL: /api/flight 	 Request Method: GET
2025-04-09	15:31:30 4bc632df-22ed-4b93-b45d-897db39471b4 Request URL: /api/flight 	 Request Method: GET
2025-04-09	15:31:34 97e5748b-2553-4c5e-bfb7-db7b576a493f Request URL: /api/flight/67f4fc82e48fe75a377ada05 	 Request Method: OPTIONS
2025-04-09	15:31:34 1be932e6-5b1b-443a-9f18-bdcc62882480 Request URL: /api/flight/67f4fc82e48fe75a377ada05 	 Request Method: OPTIONS
2025-04-09	15:31:34 76b86240-fe3d-44ec-b3e5-af34b5f6ee96 Request URL: /api/flight/67f4fc82e48fe75a377ada05 	 Request Method: GET
2025-04-09	15:31:34 691f1730-a663-4a05-9736-9334d920f75f Request URL: /api/flight/67f4fc82e48fe75a377ada05 	 Request Method: GET
2025-04-09	15:31:39 ad684b45-870a-45d5-be3d-2bed7db72b9a Request URL: /api/flight 	 Request Method: OPTIONS
2025-04-09	15:31:39 3992ea42-839d-4e77-b58a-f6eef50fa07e Request URL: /api/flight 	 Request Method: OPTIONS
2025-04-09	15:31:39 e9224b88-2cf3-46c5-a6e8-0e36b9344fc9 Request URL: /api/flight 	 Request Method: GET
2025-04-09	15:31:39 2f31241e-7a04-40c2-a4e1-28d639daedd2 Request URL: /api/flight 	 Request Method: GET
2025-04-09	15:31:43 56081cac-73f2-4e35-9a71-756c5ff806ae Request URL: /api/flight/67f4fc82e48fe75a377ada06 	 Request Method: OPTIONS
2025-04-09	15:31:43 5af84606-11b1-48a7-86f0-abc79c4b4236 Request URL: /api/flight/67f4fc82e48fe75a377ada06 	 Request Method: OPTIONS
2025-04-09	15:31:43 e16138e7-b1b0-4ab7-9128-1d6cc9945764 Request URL: /api/flight/67f4fc82e48fe75a377ada06 	 Request Method: GET
2025-04-09	15:31:44 45534f9c-d300-440a-94d7-1db0cb32b3de Request URL: /api/flight/67f4fc82e48fe75a377ada06 	 Request Method: GET
2025-04-09	15:35:58 241eab93-7f92-4965-bd7e-a8b808f9c457 Request URL: /api/flight 	 Request Method: OPTIONS
2025-04-09	15:35:58 9cf6095d-cb86-4755-ab7a-5e4bf7689e54 Request URL: /api/flight 	 Request Method: OPTIONS
2025-04-09	15:35:58 0397cda2-efe4-4cde-a930-3ba4262b56f1 Request URL: /api/flight 	 Request Method: GET
2025-04-09	15:35:58 b079fec7-46c7-441f-8fad-04ab04b87970 Request URL: /api/flight 	 Request Method: GET
2025-04-09	15:37:41 5c17bc85-6aa6-47cf-9f9a-69bd92cbffdf Request URL: /api/flight/67f4fc82e48fe75a377ada03 	 Request Method: OPTIONS
2025-04-09	15:37:41 0aef0c4c-6bf8-47d1-9b60-f50e536349fe Request URL: /api/flight/67f4fc82e48fe75a377ada03 	 Request Method: OPTIONS
2025-04-09	15:37:41 0347489c-43f5-4f77-b9c3-6e0558c82e45 Request URL: /api/flight/67f4fc82e48fe75a377ada03 	 Request Method: GET
2025-04-09	15:37:41 3444ae29-f814-4468-9eb4-88b4c5a4ab83 Request URL: /api/flight/67f4fc82e48fe75a377ada03 	 Request Method: GET
2025-04-09	15:39:07 31afd2cb-284d-48b6-9f2a-563c5d2d5184 Request URL: /api/flight/67f4fc82e48fe75a377ada03 	 Request Method: OPTIONS
2025-04-09	15:39:07 f59b9f56-4617-4e35-b17a-ffb54fb09ac0 Request URL: /api/flight/67f4fc82e48fe75a377ada03 	 Request Method: GET
2025-04-09	15:39:13 2b6e1bb2-a18c-4f0c-a76e-8c6153b7dc1b Request URL: /api/flight/67f4fc82e48fe75a377ada03 	 Request Method: OPTIONS
2025-04-09	15:39:13 49da1d63-7170-4a2a-8a86-42a11597370c Request URL: /api/flight/67f4fc82e48fe75a377ada03 	 Request Method: GET
2025-04-09	15:39:17 50f31e34-ddf1-4949-88e8-a2c8e1bfdacd Request URL: /api/flight/67f4fc82e48fe75a377ada03 	 Request Method: GET
2025-04-09	15:39:23 dd2d7dbc-6334-4e9f-9f6e-2ff02209adfe Request URL: /api/flight/67f4fc82e48fe75a377ada03 	 Request Method: OPTIONS
2025-04-09	15:39:23 398b79f3-5d2c-4874-91f3-e3f3929e2435 Request URL: /api/flight/67f4fc82e48fe75a377ada03 	 Request Method: GET
2025-04-09	15:39:28 9fa26f0c-11c3-4e13-863f-5500361c672d Request URL: /api/flight/67f4fc82e48fe75a377ada03 	 Request Method: GET
2025-04-09	15:39:32 14733ada-7645-43ab-9524-93d536c401c9 Request URL: /api/flight/67f4fc82e48fe75a377ada03 	 Request Method: OPTIONS
2025-04-09	15:39:32 a4bdd09f-a41f-43ec-9dc1-ec6d0fbec3a4 Request URL: /api/flight/67f4fc82e48fe75a377ada03 	 Request Method: GET
2025-04-09	15:39:34 2074b73f-1efb-4674-890c-4a5c119491ee Request URL: /api/flight/67f4fc82e48fe75a377ada03 	 Request Method: GET
2025-04-09	15:39:40 d66b2789-ca31-44c9-baeb-63b2da39dfcc Request URL: /api/flight/67f4fc82e48fe75a377ada03 	 Request Method: OPTIONS
2025-04-09	15:39:40 0f429ec6-91d4-4de4-b81e-5df7170d7793 Request URL: /api/flight/67f4fc82e48fe75a377ada03 	 Request Method: GET
2025-04-09	15:39:42 4f7f8639-1cf5-4c26-a21f-1e06740df093 Request URL: /api/flight/67f4fc82e48fe75a377ada03 	 Request Method: GET
2025-04-09	15:39:49 70a1e641-be49-4bf9-b2e3-130db8339f8d Request URL: /api/flight/67f4fc82e48fe75a377ada03 	 Request Method: OPTIONS
2025-04-09	15:39:49 b38d36ca-c163-4a9b-b3c8-6a9ef05e5423 Request URL: /api/flight/67f4fc82e48fe75a377ada03 	 Request Method: GET
2025-04-09	15:40:11 6347ab0f-586b-44c3-a509-34a402e4d804 Request URL: /api/flight/67f4fc82e48fe75a377ada03 	 Request Method: OPTIONS
2025-04-09	15:40:11 ab4f35a7-8442-4df1-8add-c5e5fd4cb010 Request URL: /api/flight/67f4fc82e48fe75a377ada03 	 Request Method: GET
2025-04-09	15:40:32 d4b0a43d-e22e-4776-bc4d-928064c705a1 Request URL: /api/flight/67f4fc82e48fe75a377ada03 	 Request Method: OPTIONS
2025-04-09	15:40:32 105e4286-2419-4d45-a2b0-108d4109df32 Request URL: /api/flight/67f4fc82e48fe75a377ada03 	 Request Method: GET
2025-04-09	15:40:35 6798a61b-fb74-4fc7-863f-a9a9864aaf1a Request URL: /api/flight/67f4fc82e48fe75a377ada03 	 Request Method: GET
2025-04-09	15:40:37 2db09bf8-c50b-401b-b610-5cd42e86bb2c Request URL: /api/flight/67f4fc82e48fe75a377ada03 	 Request Method: OPTIONS
2025-04-09	15:40:37 ecfe1c81-a563-4b7b-b9d3-420e3714e593 Request URL: /api/flight/67f4fc82e48fe75a377ada03 	 Request Method: GET
2025-04-09	15:40:40 792e0515-5cb5-4cb0-8e05-76c75d2c8fd5 Request URL: /api/flight/67f4fc82e48fe75a377ada03 	 Request Method: GET
2025-04-09	15:40:43 cc08388e-8b24-4bc4-a4c6-c4dc09ac580f Request URL: /api/flight/67f4fc82e48fe75a377ada03 	 Request Method: OPTIONS
2025-04-09	15:40:43 bfe23b66-4608-457a-bac4-5fa0b1fdb95d Request URL: /api/flight/67f4fc82e48fe75a377ada03 	 Request Method: GET
2025-04-09	15:40:45 d399fa58-9e33-491b-a13a-00809cc338a1 Request URL: /api/flight/67f4fc82e48fe75a377ada03 	 Request Method: GET
2025-04-09	15:40:48 bb82c59c-b1c5-45f1-af1a-0f731118f5d2 Request URL: /api/flight/67f4fc82e48fe75a377ada03 	 Request Method: OPTIONS
2025-04-09	15:40:48 218ab246-83c2-468b-9750-09c40a5e01ba Request URL: /api/flight/67f4fc82e48fe75a377ada03 	 Request Method: GET
2025-04-09	15:40:51 2de133ab-b351-4c79-a989-db69d8bffabc Request URL: /api/flight/67f4fc82e48fe75a377ada03 	 Request Method: GET
2025-04-09	15:40:58 e7fdb0f7-68b6-440e-9498-7415d2ebc8d1 Request URL: /api/flight/67f4fc82e48fe75a377ada03 	 Request Method: OPTIONS
2025-04-09	15:40:58 8ccb1343-5f3e-442a-a37b-367d4d27f391 Request URL: /api/flight/67f4fc82e48fe75a377ada03 	 Request Method: GET
2025-04-09	15:41:08 7ae3b175-c0cc-4d38-967d-56367e03c7e1 Request URL: /api/flight/67f4fc82e48fe75a377ada03 	 Request Method: OPTIONS
2025-04-09	15:41:08 ec8c0177-a098-474f-b877-146abbb1c8e5 Request URL: /api/flight/67f4fc82e48fe75a377ada03 	 Request Method: GET
2025-04-09	15:41:25 b12adec8-9bd7-4936-b1d1-738520696e32 Request URL: /api/flight/67f4fc82e48fe75a377ada03 	 Request Method: OPTIONS
2025-04-09	15:41:25 e060a735-bede-475b-8bea-21dafa7ca1db Request URL: /api/flight/67f4fc82e48fe75a377ada03 	 Request Method: GET
2025-04-09	15:41:26 9c4b1b68-9a56-4cf3-a0ce-e979d7e473b1 Request URL: /api/flight/67f4fc82e48fe75a377ada03 	 Request Method: GET
2025-04-09	15:41:29 2c9377a0-7e0d-4395-9073-d086cd97bceb Request URL: /api/flight/67f4fc82e48fe75a377ada03 	 Request Method: GET
2025-04-09	15:41:37 2ea12247-42c5-4eb0-b1ba-fdca671d6766 Request URL: /api/flight/67f4fc82e48fe75a377ada03 	 Request Method: OPTIONS
2025-04-09	15:41:37 9382ac00-37b2-4ca3-870c-297e52e445d6 Request URL: /api/flight/67f4fc82e48fe75a377ada03 	 Request Method: GET
2025-04-09	15:44:45 89ae4209-1454-4df7-90a9-a1ab9d2d124c Request URL: /api/flight/67f4fc82e48fe75a377ada03 	 Request Method: OPTIONS
2025-04-09	15:44:45 b3d37e1a-a598-4475-ba0c-9f159cb7b320 Request URL: /api/flight/67f4fc82e48fe75a377ada03 	 Request Method: GET
2025-04-09	15:44:50 bbe35df4-f57f-4a1a-ac88-d3e4232dc3c4 Request URL: /api/flight/67f4fc82e48fe75a377ada03 	 Request Method: GET
2025-04-09	15:44:53 873ffdaf-241a-42ad-b442-04d051725df9 Request URL: /api/flight/67f4fc82e48fe75a377ada03 	 Request Method: OPTIONS
2025-04-09	15:44:53 b90a5d2b-5db7-4332-958b-5ce04338bca0 Request URL: /api/flight/67f4fc82e48fe75a377ada03 	 Request Method: GET
2025-04-09	15:45:04 cba087de-1a2b-46cf-94be-d6799aea53c8 Request URL: /api/flight/67f4fc82e48fe75a377ada03 	 Request Method: OPTIONS
2025-04-09	15:45:04 7e9a2ac1-d255-4c18-89cd-01352dd1fdeb Request URL: /api/flight/67f4fc82e48fe75a377ada03 	 Request Method: GET
2025-04-09	15:45:19 7a1c0467-5b3a-4cc0-b15d-b7800f48b975 Request URL: /api/flight/67f4fc82e48fe75a377ada03 	 Request Method: OPTIONS
2025-04-09	15:45:19 ff4b1a76-6177-4cab-85ba-113c45e53119 Request URL: /api/flight/67f4fc82e48fe75a377ada03 	 Request Method: GET
2025-04-09	15:45:25 cc706a91-eba6-463f-be04-420efbe649ae Request URL: /api/flight/67f4fc82e48fe75a377ada03 	 Request Method: OPTIONS
2025-04-09	15:45:25 3c1d7eb0-6adc-4dd8-9e15-4e215d29234b Request URL: /api/flight/67f4fc82e48fe75a377ada03 	 Request Method: GET
2025-04-09	15:45:28 2285ccee-4ff0-40ab-bca9-8fef130d2dd4 Request URL: /api/flight/67f4fc82e48fe75a377ada03 	 Request Method: GET
2025-04-09	15:45:33 eccf3576-6f4a-4569-918f-da7b074b8b0c Request URL: /api/flight/67f4fc82e48fe75a377ada03 	 Request Method: OPTIONS
2025-04-09	15:45:33 8414b26e-7bfc-4fa0-8d21-e6950b46c0a9 Request URL: /api/flight/67f4fc82e48fe75a377ada03 	 Request Method: GET
2025-04-09	15:45:37 a4292097-215c-48ee-99bb-765eb76bfb12 Request URL: /api/flight/67f4fc82e48fe75a377ada03 	 Request Method: GET
2025-04-09	15:45:42 357b4d08-20bd-4b08-8530-12b2b38895a5 Request URL: /api/flight/67f4fc82e48fe75a377ada03 	 Request Method: OPTIONS
2025-04-09	15:45:42 468827e8-2cc7-42cc-899f-373ecfb9bd61 Request URL: /api/flight/67f4fc82e48fe75a377ada03 	 Request Method: GET
2025-04-09	15:45:47 02232704-6a39-43db-bd0e-9afd45fb7331 Request URL: /api/flight/67f4fc82e48fe75a377ada03 	 Request Method: GET
2025-04-09	15:45:50 c482ca4b-cd26-40f8-b57c-6187c2ac0b7e Request URL: /api/flight/67f4fc82e48fe75a377ada03 	 Request Method: OPTIONS
2025-04-09	15:45:50 51f2fcdd-d88c-4428-a7a9-e276dbdc8cb9 Request URL: /api/flight/67f4fc82e48fe75a377ada03 	 Request Method: GET
2025-04-09	15:45:54 aaffa95e-0571-4acc-a210-c664182e0663 Request URL: /api/flight/67f4fc82e48fe75a377ada03 	 Request Method: GET
2025-04-09	15:46:02 fa652eb3-1ef1-4a3e-b9f6-6f1a271d97e2 Request URL: /api/flight/67f4fc82e48fe75a377ada03 	 Request Method: OPTIONS
2025-04-09	15:46:02 5ec675a3-3ba4-496d-945c-6784de6b9e30 Request URL: /api/flight/67f4fc82e48fe75a377ada03 	 Request Method: GET
2025-04-09	15:46:03 fe0d6d94-0c81-4d41-b501-fc7cd46525c8 Request URL: /api/flight/67f4fc82e48fe75a377ada03 	 Request Method: GET
2025-04-09	15:46:09 d6f3c27d-ffb4-4f57-a0aa-0582a6f1d247 Request URL: /api/flight/67f4fc82e48fe75a377ada03 	 Request Method: OPTIONS
2025-04-09	15:46:09 a358a317-259d-4ff5-95e5-8431d33d4cd7 Request URL: /api/flight/67f4fc82e48fe75a377ada03 	 Request Method: GET
2025-04-09	15:46:11 69f901ba-b187-4c84-9292-388ddde1022b Request URL: /api/flight/67f4fc82e48fe75a377ada03 	 Request Method: GET
2025-04-09	15:46:18 714ee1d6-b9db-4afc-afd1-9a6bfa19070b Request URL: /api/flight/67f4fc82e48fe75a377ada03 	 Request Method: OPTIONS
2025-04-09	15:46:18 cc6c52c2-4755-43c7-81aa-829e7d242d4a Request URL: /api/flight/67f4fc82e48fe75a377ada03 	 Request Method: GET
2025-04-09	15:46:26 884625a0-b04f-471f-ab41-1af1f4f27df1 Request URL: /api/flight/67f4fc82e48fe75a377ada03 	 Request Method: OPTIONS
2025-04-09	15:46:26 479807ea-1c13-4503-8185-482dfb74ae92 Request URL: /api/flight/67f4fc82e48fe75a377ada03 	 Request Method: GET
2025-04-09	15:46:28 8db1a276-4adf-450f-913e-aa54c0ceaedc Request URL: /api/flight/67f4fc82e48fe75a377ada03 	 Request Method: GET
2025-04-09	15:47:43 d2849ccb-2434-486c-ae17-31758104d649 Request URL: /api/flight/67f4fc82e48fe75a377ada03 	 Request Method: OPTIONS
2025-04-09	15:47:43 fb18d76a-61d8-4cc4-b5a0-fb3d905938a9 Request URL: /api/flight/67f4fc82e48fe75a377ada03 	 Request Method: GET
2025-04-09	15:47:48 40371ab6-aae3-48da-a0c7-d9a1a63416f0 Request URL: /api/flight/67f4fc82e48fe75a377ada03 	 Request Method: GET
2025-04-09	15:57:08 ee63568b-325c-4c82-b54f-77adc345b177 Request URL: /api/flight/67f4fc82e48fe75a377ada03 	 Request Method: OPTIONS
2025-04-09	15:57:08 31cbef6d-7a41-4d65-b765-bbe0b688231a Request URL: /api/flight/67f4fc82e48fe75a377ada03 	 Request Method: GET
2025-04-09	15:57:52 210e7174-6770-4759-b164-a1ccfd1adf59 Request URL: /api/flight 	 Request Method: OPTIONS
2025-04-09	15:57:52 319885dc-cae9-4f31-bf56-a75a9f8e55a8 Request URL: /api/flight 	 Request Method: OPTIONS
2025-04-09	15:57:52 0fb0e9fb-dc6d-4139-a17b-46a5408e5952 Request URL: /api/flight 	 Request Method: GET
2025-04-09	15:57:52 bf5fabf9-16a3-46c2-96e1-323a2b7ffd92 Request URL: /api/flight 	 Request Method: GET
2025-04-09	15:57:55 cdd99375-af90-471d-a1fa-70f0ea66f95e Request URL: /api/flight/67f4fc82e48fe75a377ada03 	 Request Method: OPTIONS
2025-04-09	15:57:55 fab0a2c1-1da1-4e2c-ac09-483c28f54f9e Request URL: /api/flight/67f4fc82e48fe75a377ada03 	 Request Method: OPTIONS
2025-04-09	15:57:55 8202102f-381e-4ba6-8449-cf2f8eacb42b Request URL: /api/flight/67f4fc82e48fe75a377ada03 	 Request Method: GET
2025-04-09	15:57:55 1ddd3209-0000-43a8-8536-ad873e247811 Request URL: /api/flight/67f4fc82e48fe75a377ada03 	 Request Method: GET
2025-04-09	16:17:40 dbfcf069-d08f-4108-9540-8a6f3f088ef7 Request URL: /api/flight/67f4fc82e48fe75a377ada03 	 Request Method: OPTIONS
2025-04-09	16:17:40 0a415c33-1b8f-46e2-b90f-85a9ef2e1b92 Request URL: /api/flight/67f4fc82e48fe75a377ada03 	 Request Method: GET
2025-04-09	16:18:03 ad410631-a703-486e-a8fa-884cebc74a34 Request URL: /api/flight/67f4fc82e48fe75a377ada03 	 Request Method: OPTIONS
2025-04-09	16:18:03 498dab61-1fac-4941-8357-e5cde563680b Request URL: /api/flight/67f4fc82e48fe75a377ada03 	 Request Method: GET
2025-04-09	16:18:06 a8ef9d74-f262-4095-82f0-c03442a07be9 Request URL: /api/flight/67f4fc82e48fe75a377ada03 	 Request Method: GET
2025-04-09	16:25:04 d0472815-be68-4866-9df6-6675bd9bea29 Request URL: /api/flight 	 Request Method: OPTIONS
2025-04-09	16:25:04 712149db-f971-4a74-a510-700d8f089f32 Request URL: /api/flight 	 Request Method: OPTIONS
2025-04-09	16:25:04 d00e7b10-4b64-4eb2-9f85-f05cdb349226 Request URL: /api/flight 	 Request Method: GET
2025-04-09	16:25:04 649db713-f135-4e72-a493-d11234a594fd Request URL: /api/flight 	 Request Method: GET
2025-04-09	16:25:08 476728af-eaeb-47fe-bc01-0d106142810f Request URL: /api/flight/67f4fc82e48fe75a377ada05 	 Request Method: OPTIONS
2025-04-09	16:25:08 7f0f2636-33d9-49e9-8137-035fbfdca271 Request URL: /api/flight/67f4fc82e48fe75a377ada05 	 Request Method: OPTIONS
2025-04-09	16:25:08 3cda7333-5bda-4917-a764-68756b8b898d Request URL: /api/flight/67f4fc82e48fe75a377ada05 	 Request Method: GET
2025-04-09	16:25:08 972efb96-ff1e-4582-8404-bf6073ef24e3 Request URL: /api/flight/67f4fc82e48fe75a377ada05 	 Request Method: GET
2025-04-09	16:25:25 f549cfa7-4611-454e-b3bc-3a84080717c7 Request URL: /api/flight 	 Request Method: OPTIONS
2025-04-09	16:25:25 cd305c31-77a7-416d-96ee-a76af40c768d Request URL: /api/flight 	 Request Method: OPTIONS
2025-04-09	16:25:25 9c12b0d8-6824-491f-b132-736cecd8a0f9 Request URL: /api/flight 	 Request Method: GET
2025-04-09	16:25:26 ac8954c6-c828-4594-a72e-805684b6a1c4 Request URL: /api/flight 	 Request Method: GET
2025-04-09	16:26:33 9efd2723-3144-4e85-a3f1-e6749211e6fc Request URL: /api/flight/67f4fc82e48fe75a377ada04 	 Request Method: OPTIONS
2025-04-09	16:26:33 f97df2ba-17a5-42d3-8975-17cf6262e8c9 Request URL: /api/flight/67f4fc82e48fe75a377ada04 	 Request Method: OPTIONS
2025-04-09	16:26:33 b126de8c-2a46-4422-86ea-611d815f0342 Request URL: /api/flight/67f4fc82e48fe75a377ada04 	 Request Method: GET
2025-04-09	16:26:33 df99ffbb-8f81-4d28-af99-b27ff1ffa526 Request URL: /api/flight/67f4fc82e48fe75a377ada04 	 Request Method: GET
2025-04-09	16:26:39 bbada07e-f79b-42b1-b771-02bea74bf49d Request URL: /api/flight 	 Request Method: OPTIONS
2025-04-09	16:26:39 4f505c63-0a58-4df5-b8ab-18e72cca626d Request URL: /api/flight 	 Request Method: OPTIONS
2025-04-09	16:26:39 0ab8265d-0064-4313-83dd-88d61845fd9e Request URL: /api/flight 	 Request Method: GET
2025-04-09	16:26:39 ebd1b206-1bca-40b0-9f2d-9d39e46ce92e Request URL: /api/flight 	 Request Method: GET
2025-04-13	14:00:13 54f8b509-f038-4c36-9d44-04388dd74046 Request URL: /api-docs 	 Request Method: GET
2025-04-13	14:00:13 493855a8-3aef-4679-9835-65eaad0f0029 Request URL: /api-docs/ 	 Request Method: GET
2025-04-13	14:00:14 37c5bdef-5515-4ddf-916c-eb9669ca0909 Request URL: /api-docs/swagger-ui.css 	 Request Method: GET
2025-04-13	14:00:14 4a29c662-f152-4311-8611-66c4a4debf90 Request URL: /api-docs/swagger-ui-bundle.js 	 Request Method: GET
2025-04-13	14:00:14 3961f432-8c48-4266-ac11-3b81650fb70a Request URL: /api-docs/swagger-ui-standalone-preset.js 	 Request Method: GET
2025-04-13	14:00:14 6da4189f-6702-43f9-a08d-f0cc07453766 Request URL: /api-docs/swagger-ui-init.js 	 Request Method: GET
2025-04-13	14:00:14 6bb19dc4-1118-48f0-9a2d-a6e535b064c0 Request URL: /api-docs/favicon-32x32.png 	 Request Method: GET
2025-04-13	14:03:55 3238b608-23c9-4f14-be76-f015ab07305f Request URL: /api-docs/ 	 Request Method: GET
2025-04-13	14:03:55 5edd7924-17be-48b9-ae08-c5b6e7d4c4c5 Request URL: /api-docs/swagger-ui.css 	 Request Method: GET
2025-04-13	14:03:55 55e7eed1-1da2-4953-a781-79bff899c55c Request URL: /api-docs/swagger-ui-bundle.js 	 Request Method: GET
2025-04-13	14:03:55 4817abec-254a-4354-9eac-2e5db295c635 Request URL: /api-docs/swagger-ui-standalone-preset.js 	 Request Method: GET
2025-04-13	14:03:55 27fad8b7-e056-4c21-9f12-9ad007e7efbc Request URL: /api-docs/swagger-ui-init.js 	 Request Method: GET
2025-04-13	14:03:56 ac15d4f5-5ee3-46f4-b84e-c53aa8aab593 Request URL: /api-docs/favicon-32x32.png 	 Request Method: GET
2025-04-13	14:05:23 67dc4e98-1f36-47a5-a273-ab608353a10c Request URL: /api-docs/ 	 Request Method: GET
2025-04-13	14:05:23 2ed20547-987e-4772-9763-74f0288daed1 Request URL: /api-docs/swagger-ui.css 	 Request Method: GET
2025-04-13	14:05:23 0b4f2237-12e6-4f56-a1ce-c94246166377 Request URL: /api-docs/swagger-ui-bundle.js 	 Request Method: GET
2025-04-13	14:05:23 94398206-e23b-4d34-b093-8aa1c3d713be Request URL: /api-docs/swagger-ui-standalone-preset.js 	 Request Method: GET
2025-04-13	14:05:23 87722e34-ba09-4755-89cc-c6c6af9b50ad Request URL: /api-docs/swagger-ui-init.js 	 Request Method: GET
2025-04-13	14:05:23 034e3f87-b6a7-4b6c-914e-96344a3180a5 Request URL: /api-docs/favicon-32x32.png 	 Request Method: GET
2025-04-13	21:14:08 5f5e1d37-fdde-4760-b491-9aeb6e5eaa44 Request URL: /api/country 	 Request Method: GET
2025-04-13	21:14:42 027585fe-14d2-457e-8b18-a9c081cc1738 Request URL: /api/country 	 Request Method: GET
2025-04-13	21:18:27 bcebd4da-ec75-40ae-94a1-2a9a24a4c075 Request URL: /api/country 	 Request Method: GET
2025-04-13	21:21:12 fc48d890-101b-41c3-996e-59c2ab938257 Request URL: /api/country 	 Request Method: GET
2025-04-14	09:39:24 dacb4a2e-0044-4ecb-8704-8e54ee7cfb20 Request URL: /api-docs/ 	 Request Method: GET
2025-04-15	11:51:01 f1bd3979-5dc4-447b-b9b7-1fa78aa8b988 Request URL: /auth/login 	 Request Method: OPTIONS
2025-04-15	11:51:01 2ec1bc98-9253-4583-8211-e9238bdd2136 Request URL: /auth/login 	 Request Method: POST
2025-04-15	12:01:35 8af60cbb-8c13-45f6-a215-9ea839970f22 Request URL: /auth/login 	 Request Method: OPTIONS
2025-04-15	12:01:35 deb7f371-3c58-4b75-a24d-865f76cd1af4 Request URL: /auth/login 	 Request Method: POST
2025-04-15	12:01:41 1121a4de-3476-49ce-ac0a-426f32919e02 Request URL: /api/flight 	 Request Method: OPTIONS
2025-04-15	12:01:41 027d318b-2f4b-4236-8652-93d1a7bce05b Request URL: /api/flight 	 Request Method: OPTIONS
2025-04-15	12:01:41 097bc460-dbf3-469f-bbdd-405cf11cbd92 Request URL: /api/flight 	 Request Method: GET
2025-04-15	12:01:41 3f16d495-ff09-492d-81fa-a77da37de611 Request URL: /api/flight 	 Request Method: GET
2025-04-15	12:03:31 ad1e9acd-2c52-4ecd-a91a-c717f34212dd Request URL: /auth/login 	 Request Method: OPTIONS
2025-04-15	12:03:31 3a0b0487-9ccf-4e9a-8dfa-c298917df55c Request URL: /auth/login 	 Request Method: POST
2025-04-15	13:12:35 360b65f7-0f80-423d-95e0-8e51dd6ba9f9 Request URL: /hotels?city=$%7BencodeURIComponent(city.value 	 Request Method: GET
2025-04-15	13:12:52 b12aaf66-a783-4d83-9e58-4f79e0e2a542 Request URL: /hotels?city=$%7BencodeURIComponent(city.value)%7D 	 Request Method: GET
2025-04-15	13:13:03 47942135-9ae7-41d7-91be-0bbb5275a0ce Request URL: /hotels?city=$%7BencodeURIComponent(London)%7D 	 Request Method: GET
2025-04-15	13:13:26 fe3a9d14-9738-44c1-806f-846bbc8d559a Request URL: /api/hotels?city=$%7BencodeURIComponent(London)%7D 	 Request Method: GET
2025-04-15	13:18:16 62ff9a86-e1ab-4a87-89a8-40ae5d973fe2 Request URL: /api/hotels?city=$%7BencodeURIComponent(Paris)%7D 	 Request Method: GET
2025-04-15	14:08:41 6f12917c-858d-4b6c-92a1-7c51b1d1aebb Request URL: /api/hotels?city=$%7BencodeURIComponent(Paris)%7D 	 Request Method: GET
2025-04-15	14:08:56 fe1aceed-3efe-47ee-b630-b8dda42d7990 Request URL: /api/hotels?city=$%7BencodeURIComponent(%22Paris%22)%7D 	 Request Method: GET
2025-04-15	14:09:14 5aebc327-5804-4140-8161-19dabb005f0c Request URL: /api/hotels?city=Paris 	 Request Method: GET
2025-04-15	14:09:33 9bc1a7b1-d03e-4d83-bc59-aafffa683efa Request URL: /api/hotels?city=$%7BencodeURIComponent(%22Paris%22)%7D 	 Request Method: GET
2025-04-15	14:19:53 85855678-49b0-46b0-91a3-d37c06208d48 Request URL: /api/hotels?city=%22Paris%22 	 Request Method: GET
2025-04-15	14:20:02 c8e3a1d7-47d7-454c-af9e-cff16ddbebb9 Request URL: /api/hotels?city=Paris 	 Request Method: GET
2025-04-15	15:27:01 c95a2490-4154-4a15-b1b4-a4cbd3093f72 Request URL: /auth/session 	 Request Method: OPTIONS
2025-04-15	15:27:01 b6374b94-be41-4ed3-999f-0e9ee86ea2d3 Request URL: /auth/session 	 Request Method: OPTIONS
2025-04-15	15:27:01 8d28b7b4-f793-43b2-a732-100447cca042 Request URL: /auth/session 	 Request Method: GET
2025-04-15	15:27:03 d9c68cef-c91f-477c-93bd-94a8734d76b8 Request URL: /auth/session 	 Request Method: GET
2025-04-15	15:27:43 0ae91f66-fa4e-4de8-8c43-129a99dbe3ef Request URL: /api/hotels?city=Paris 	 Request Method: GET
2025-04-15	15:31:22 844aac2f-3753-4d0c-96d2-cf9c2134abaa Request URL: /api/hotels?city=Paris 	 Request Method: GET
2025-04-15	15:31:48 750cb656-a2c4-4a04-b5aa-f8e51356afd1 Request URL: /api/hotels?city=Paris 	 Request Method: GET
2025-04-15	15:32:12 24d9d9ca-0d38-49b4-b993-9774f756c0fa Request URL: /api/hotels?city=Paris 	 Request Method: GET
2025-04-15	15:33:06 94f3cfe4-9b29-47c8-aefb-f3a8895a76bb Request URL: /api/hotels?city=Paris 	 Request Method: GET
2025-04-15	15:34:56 5ebf4977-9799-44b7-9684-fd9a57be0deb Request URL: /api/hotels?city=Paris 	 Request Method: GET
2025-04-15	15:35:35 a57007a8-8c3d-449f-a0f4-a109e5cffd23 Request URL: /api/hotels?city=Paris 	 Request Method: GET
2025-04-15	15:35:55 1781e58d-d3bd-4bb6-b817-d9e6a682f646 Request URL: /api/hotels?city=Paris 	 Request Method: GET
2025-04-15	15:37:02 694dd997-8fec-4814-a1d8-e0b1bd1ca2ae Request URL: /api/hotels?city=Paris 	 Request Method: GET
2025-04-15	15:38:47 0b497f91-4789-4e02-85d2-1059d3ccef2b Request URL: /api/hotels?city=Paris 	 Request Method: GET
2025-04-15	15:47:06 5753bf70-594e-4e63-8598-6bea1db5e13f Request URL: /api/hotels?city=Paris 	 Request Method: GET
2025-04-15	15:47:59 5e9ad5f4-5c24-4478-91b1-e1badbde3120 Request URL: /api/hotels?city=Paris 	 Request Method: GET
2025-04-15	15:53:56 68547fee-5341-4380-893f-95518b0863d4 Request URL: /api/hotels?city=Paris 	 Request Method: GET
2025-04-15	15:56:20 b3dbd5f1-f22f-4ab6-8117-cf0588f9af32 Request URL: /api/hotels?city=Paris 	 Request Method: GET
2025-04-15	15:56:40 40b2ba05-e3ac-4ffc-a7a7-697cbe807050 Request URL: /api/hotels?city=Paris 	 Request Method: GET
2025-04-15	15:57:30 b7448ba2-4182-4d1b-b2fb-748b65846be3 Request URL: /api/hotels?city=London 	 Request Method: GET
2025-04-15	16:02:04 961f721f-7b88-448b-8d0e-f6ccb382563f Request URL: /api/hotels?city=London 	 Request Method: GET
2025-04-15	16:13:47 eaedc19c-6da7-41c9-b0eb-d5f2db17049d Request URL: /api/hotels?city=London 	 Request Method: GET
2025-04-15	16:14:50 0bf091a9-fcbd-401d-8368-311020b4c029 Request URL: /api/hotels?city=London 	 Request Method: GET
2025-04-15	16:15:19 7f295089-6af3-4fa0-a69f-070a3c0020e4 Request URL: /api/hotels?city=London 	 Request Method: GET
2025-04-15	16:15:51 f05e33a8-6a03-40d5-a026-7774e467530b Request URL: /api/hotels?city=London 	 Request Method: GET
2025-04-15	16:16:12 6807dad7-bada-4679-b578-a8fe8575c792 Request URL: /api/hotels?city=London 	 Request Method: GET
2025-04-15	16:19:00 d157cd89-6fd1-486c-8c2f-ea80ae98d0e9 Request URL: /api/hotels?city=London 	 Request Method: GET
2025-04-15	16:19:30 716cb5e9-1ddf-4dcd-81ba-0b34d8836e80 Request URL: /api/hotels?city=London 	 Request Method: GET
2025-04-15	16:21:04 6a22afe4-0563-4151-9b5a-71377c97ffd8 Request URL: /api/hotels?city=Lagos 	 Request Method: GET
2025-04-15	16:21:14 58524103-de5d-41fa-9af4-aca7e37fdc74 Request URL: /api/hotels?city=Paris 	 Request Method: GET
2025-04-15	16:30:18 e9edffe3-9a01-424f-9232-b705259bf44b Request URL: /api/hotels?city=Paris 	 Request Method: GET
2025-04-15	16:55:58 8e4af586-4ef8-4eec-b95e-2d85c6a0293d Request URL: /api/hotels?city=Paris 	 Request Method: GET
2025-04-15	16:57:24 b9e0c0c8-8440-48b9-94f7-3b2b2a36d71c Request URL: /api/hotels?city=Paris 	 Request Method: GET
2025-04-15	16:57:55 098c418d-0553-4e97-a6bf-d6673ad232db Request URL: /api/hotels?city=Paris 	 Request Method: GET
2025-04-15	17:00:50 b54a8faf-958f-40d7-9735-93f3eaff4e36 Request URL: /api/hotels?city=Paris 	 Request Method: GET
2025-04-15	17:01:19 dcc35fa9-59ab-4576-a815-d8fff6f1dadb Request URL: /api/hotels?city=Paris 	 Request Method: GET
2025-04-15	17:18:53 8ea08bea-2cc4-4801-8ce9-d4818c9cb6c7 Request URL: /api/hotels?city=Delhi 	 Request Method: GET
2025-04-15	20:47:10 1cfaafc6-8b44-4670-90df-b153c6fb3bd7 Request URL: /auth/session 	 Request Method: OPTIONS
2025-04-15	20:47:10 e2404636-4355-47b2-8d58-eff976659a33 Request URL: /auth/session 	 Request Method: OPTIONS
2025-04-15	20:47:10 dc7cb466-ad42-47db-82a0-b1cb61597f11 Request URL: /auth/session 	 Request Method: GET
2025-04-15	20:47:10 0811bacb-ec9f-4e70-9506-f3755cd7d4d7 Request URL: /auth/session 	 Request Method: GET
2025-04-15	20:47:30 673da56e-90c3-40e0-8349-6b37ef197c89 Request URL: /auth/session 	 Request Method: OPTIONS
2025-04-15	20:47:30 250d201a-cdf2-4797-98e4-f0afa188b23a Request URL: /auth/session 	 Request Method: OPTIONS
2025-04-15	20:47:30 0e9f769f-a56e-4bb5-bcbd-c264110935c9 Request URL: /auth/session 	 Request Method: GET
2025-04-15	20:47:30 6e99e6ea-969b-4529-ac0b-829afaf47723 Request URL: /auth/session 	 Request Method: GET
2025-04-15	20:49:42 731ff9ee-e78b-4146-a198-1c2d77401a04 Request URL: /auth/session 	 Request Method: OPTIONS
2025-04-15	20:49:42 87f0108c-c18c-4833-9b57-a826cd2bb0dc Request URL: /auth/session 	 Request Method: OPTIONS
2025-04-15	20:49:42 626d0588-08a6-45cf-a321-fe083a788a0b Request URL: /auth/session 	 Request Method: GET
2025-04-15	20:49:42 d5f93dd9-20b5-4980-8847-404b39df54e0 Request URL: /auth/session 	 Request Method: GET
2025-04-15	20:50:44 c178f1b2-1178-4689-ba46-9a17a5a16fe8 Request URL: /auth/session 	 Request Method: OPTIONS
2025-04-15	20:50:44 5334cfda-4c9d-4bf2-b1a1-743b2ba2445c Request URL: /auth/session 	 Request Method: OPTIONS
2025-04-15	20:50:44 cadde312-eaa7-4018-adda-e9a882bda574 Request URL: /auth/session 	 Request Method: GET
2025-04-15	20:50:44 cf643214-50b1-4ef5-b99c-c9ff7cb4d6ac Request URL: /auth/session 	 Request Method: GET
2025-04-15	20:51:36 9d0d78d7-ac87-470a-839c-367d647c797f Request URL: /api/flight 	 Request Method: OPTIONS
2025-04-15	20:51:36 21423924-9c93-4c71-ac1e-64a3078da734 Request URL: /api/flight 	 Request Method: OPTIONS
2025-04-15	20:51:36 47105768-f60f-4c12-b4ba-81c465a8d483 Request URL: /api/flight 	 Request Method: GET
2025-04-15	20:51:36 cece5fa0-93c8-4a87-bb6f-249203e58d5f Request URL: /api/flight 	 Request Method: GET
2025-04-15	21:30:33 3c398603-cdf1-46b3-8d72-6cfb697c4da2 Request URL: /auth/session 	 Request Method: OPTIONS
2025-04-15	21:30:33 5afba85a-bceb-4ec7-83dc-24f5d0ae3b0c Request URL: /auth/session 	 Request Method: OPTIONS
2025-04-15	21:30:33 abafc1f2-9675-44d8-b5ba-b862ef6ee98c Request URL: /auth/session 	 Request Method: GET
2025-04-15	21:30:36 fcead382-467b-4969-bc74-607ca4065df4 Request URL: /auth/session 	 Request Method: GET
2025-04-15	21:30:36 9846e72d-9ef6-4ece-b5ed-6f7e0ee3e265 Request URL: /api/flight 	 Request Method: OPTIONS
2025-04-15	21:30:36 ad54ae34-77a2-47ff-af70-8fd9b0afc316 Request URL: /api/flight 	 Request Method: OPTIONS
2025-04-15	21:30:36 a1752a59-2a60-4ce1-aa13-27e8ad011a69 Request URL: /api/flight 	 Request Method: GET
2025-04-15	21:30:36 4ebd39f6-2313-47b3-b768-3d67c88cbc7e Request URL: /api/flight 	 Request Method: GET
2025-04-15	21:53:11 07988977-9686-40ec-bb03-20cce9133a86 Request URL: /auth/session 	 Request Method: OPTIONS
2025-04-15	21:53:11 d4106c25-0880-4f9e-8016-3a6d708ec7f0 Request URL: /auth/session 	 Request Method: OPTIONS
2025-04-15	21:53:11 0be30d2e-eec5-473f-b1ed-af019d4b10c2 Request URL: /auth/session 	 Request Method: GET
2025-04-15	21:53:11 73900709-0a06-459f-9135-cd3f94893f78 Request URL: /auth/session 	 Request Method: GET
2025-04-16	09:05:44 cb786130-ffe4-424d-ba9b-ab9aebd80ce1 Request URL: /auth/session 	 Request Method: OPTIONS
2025-04-16	09:05:44 3ababfc3-4ed7-4f04-b963-c03fb7b1ddcd Request URL: /auth/session 	 Request Method: GET
2025-04-16	09:05:44 fa3159f0-48fa-4134-96f9-1cedef8f51d8 Request URL: /auth/session 	 Request Method: OPTIONS
2025-04-16	09:05:44 f8ac99bf-3592-42d5-8b60-cc02ce1b55de Request URL: /auth/session 	 Request Method: GET
2025-04-16	09:13:54 37e6ff07-cd7b-4f87-a63c-1e7736c8adc2 Request URL: /api/flight 	 Request Method: OPTIONS
2025-04-16	09:13:54 b5746cae-69b1-4bcc-8900-37dd67fc7a79 Request URL: /api/flight 	 Request Method: GET
2025-04-16	09:13:54 f1892011-fa92-4c3c-b8a6-0cb918199c3c Request URL: /api/flight 	 Request Method: OPTIONS
2025-04-16	09:13:54 88a4af0d-9935-4b7d-ab2c-ea174f641e37 Request URL: /api/flight 	 Request Method: GET
2025-04-16	09:13:58 b24de1d6-9e66-4974-bd9c-34deddf5e0e1 Request URL: /api/flight/67f4fc82e48fe75a377ada05 	 Request Method: OPTIONS
2025-04-16	09:13:58 cd38e42f-51a1-4dd1-bb7f-5e787c2caa5b Request URL: /api/flight/67f4fc82e48fe75a377ada05 	 Request Method: OPTIONS
2025-04-16	09:13:58 f5476a41-9625-4de6-8f4a-8875a531a9f1 Request URL: /api/flight/67f4fc82e48fe75a377ada05 	 Request Method: GET
2025-04-16	09:13:58 68409f5a-dd3d-4a53-a169-51cf486c9505 Request URL: /api/flight/67f4fc82e48fe75a377ada05 	 Request Method: GET
2025-04-16	09:14:15 fddaf349-5efa-46af-9f3a-8f48d7a05f27 Request URL: /api/flight 	 Request Method: OPTIONS
2025-04-16	09:14:15 0c663da0-fb5f-417f-a35b-6a14a79e9879 Request URL: /api/flight 	 Request Method: OPTIONS
2025-04-16	09:14:15 0e71f917-361e-47f7-9716-1e5af3140b50 Request URL: /api/flight 	 Request Method: GET
2025-04-16	09:14:16 d0dc4069-d3ee-4a3e-b798-4f1973efb094 Request URL: /api/flight 	 Request Method: GET
2025-04-16	09:14:17 fa5fa062-5ee8-44c7-ae68-d751e60d3692 Request URL: /api/flight/67f4fc82e48fe75a377ada04 	 Request Method: OPTIONS
2025-04-16	09:14:17 f23486c2-55f4-4873-b938-bc296f5c484e Request URL: /api/flight/67f4fc82e48fe75a377ada04 	 Request Method: OPTIONS
2025-04-16	09:14:17 08d18bda-2691-4b5f-a5db-e26525dad71e Request URL: /api/flight/67f4fc82e48fe75a377ada04 	 Request Method: GET
2025-04-16	09:14:17 9b7524bd-ae35-48f8-bb2b-a7639c59d955 Request URL: /api/flight/67f4fc82e48fe75a377ada04 	 Request Method: GET
2025-04-16	09:24:01 a8bd5605-d71b-4a2f-9ad1-3505e72a092d Request URL: /api/flight 	 Request Method: OPTIONS
2025-04-16	09:24:01 37071761-cbc0-476c-8d78-41666089318c Request URL: /api/flight 	 Request Method: OPTIONS
2025-04-16	09:24:01 facfda79-4952-4486-a598-0e25ebaa90e8 Request URL: /api/flight 	 Request Method: GET
2025-04-16	09:24:01 7324a7fb-cf81-4037-bd07-2bc4c2ae5295 Request URL: /api/flight 	 Request Method: GET
2025-04-16	09:24:03 02e5b0f3-5335-440f-97a1-3035e87bddcd Request URL: /api/flight/67f4fc82e48fe75a377ada03 	 Request Method: OPTIONS
2025-04-16	09:24:03 1dc1f96d-d493-4d26-8e62-5a48271693a0 Request URL: /api/flight/67f4fc82e48fe75a377ada03 	 Request Method: OPTIONS
2025-04-16	09:24:03 1b0ef19f-53f7-49a9-a5b0-21690e079e77 Request URL: /api/flight/67f4fc82e48fe75a377ada03 	 Request Method: GET
2025-04-16	09:24:04 e1def793-4ac0-4c23-8804-ecc71b60ec6c Request URL: /api/flight/67f4fc82e48fe75a377ada03 	 Request Method: GET
2025-04-16	10:41:02 38f92939-ed77-4707-874e-89c5a3232410 Request URL: /auth/session 	 Request Method: OPTIONS
2025-04-16	10:41:02 e303346b-2d15-489f-9707-d82f1351ebc2 Request URL: /auth/session 	 Request Method: OPTIONS
2025-04-16	10:41:02 bafd610c-9a3e-4033-a026-642148228f61 Request URL: /auth/session 	 Request Method: GET
2025-04-16	10:41:03 cdbe38ac-407a-4d7e-b460-8e43ae7a38b6 Request URL: /auth/session 	 Request Method: GET
2025-04-16	10:41:03 0ee61789-f9c1-44ee-b1c0-dd48178c3b99 Request URL: /api/flight/67f4fc82e48fe75a377ada03 	 Request Method: OPTIONS
2025-04-16	10:41:03 8962120f-29b6-4109-9845-5b57a9b0852a Request URL: /api/flight/67f4fc82e48fe75a377ada03 	 Request Method: OPTIONS
2025-04-16	10:41:03 f51fff38-8628-4101-b87d-b131a0f2fa6a Request URL: /api/flight/67f4fc82e48fe75a377ada03 	 Request Method: GET
2025-04-16	10:41:04 09071498-d61b-48a8-8034-e78c7ae0901f Request URL: /api/flight/67f4fc82e48fe75a377ada03 	 Request Method: GET
2025-04-16	10:41:06 d1989b3a-2c31-4073-9c5d-db584a017fdd Request URL: /auth/session 	 Request Method: GET
2025-04-16	10:41:07 bdf11cbe-3f1a-47db-b5c1-7024a603393b Request URL: /auth/session 	 Request Method: GET
2025-04-16	10:41:07 a58456ff-654c-4396-ae7e-5cf11b5efc74 Request URL: /api/flight/67f4fc82e48fe75a377ada03 	 Request Method: GET
2025-04-16	10:41:07 f47c00a2-fc18-4e53-8ee3-6d0becca83bf Request URL: /api/flight/67f4fc82e48fe75a377ada03 	 Request Method: GET
2025-04-16	10:55:14 117d9d88-1df6-470c-a756-870be3639a32 Request URL: /auth/session 	 Request Method: OPTIONS
2025-04-16	10:55:14 2e63a7ae-dfae-42ba-b00b-d4b9c4d82f37 Request URL: /auth/session 	 Request Method: OPTIONS
2025-04-16	10:55:14 d354c70d-d9c2-41db-b4f3-945f33361fa0 Request URL: /auth/session 	 Request Method: GET
2025-04-16	10:55:14 c5e5bcdd-342a-498e-85ff-e18da2120088 Request URL: /auth/session 	 Request Method: GET
2025-04-16	10:55:46 a308d544-4571-4238-ba13-449236a40ec0 Request URL: /api/hotels?city=Lagos 	 Request Method: OPTIONS
2025-04-16	10:55:46 3f610336-2700-43b6-87e1-41c0179607f5 Request URL: /api/hotels?city=Lagos 	 Request Method: OPTIONS
2025-04-16	10:55:46 c15fe073-6012-407b-973e-a128885c512c Request URL: /api/hotels?city=Lagos 	 Request Method: GET
2025-04-16	10:55:48 45778f03-b54b-4762-845c-276a6ccbdfcf Request URL: /api/hotels?city=Lagos 	 Request Method: GET
2025-04-16	10:57:02 0f65fb60-3cdf-47a2-90a1-af16e431f9a1 Request URL: /auth/session 	 Request Method: OPTIONS
2025-04-16	10:57:02 ff6aeb33-c56a-45ca-9bcc-a4c8b31e0373 Request URL: /auth/session 	 Request Method: OPTIONS
2025-04-16	10:57:02 0cb167e4-1edd-471e-964a-12c3f150ea01 Request URL: /auth/session 	 Request Method: GET
2025-04-16	10:57:02 01e86703-a0d8-46f3-b669-394e1fb365d4 Request URL: /auth/session 	 Request Method: GET
2025-04-16	10:57:03 4cba3edd-7860-488c-9d07-fba36c15a1b0 Request URL: /api/hotels?city=Lagos 	 Request Method: OPTIONS
2025-04-16	10:57:03 5ba7a3ad-5ccc-4fde-baaa-35cd7acb7ad6 Request URL: /api/hotels?city=Lagos 	 Request Method: OPTIONS
2025-04-16	10:57:03 4c2f6346-f349-4bee-90da-427d671f4f7c Request URL: /api/hotels?city=Lagos 	 Request Method: GET
2025-04-16	10:57:03 763d9ff9-cc23-4513-8392-67e7565ff6d6 Request URL: /api/hotels?city=Lagos 	 Request Method: GET
2025-04-16	10:57:06 caef9a22-5a78-4fe6-9340-fe46d0cb9a56 Request URL: /auth/session 	 Request Method: GET
2025-04-16	10:57:06 5021ff92-d1eb-42c7-ad9d-38f32a97a4f1 Request URL: /auth/session 	 Request Method: GET
2025-04-16	10:57:07 310ba156-70d1-44e8-8979-755ebd332d10 Request URL: /api/hotels?city=Lagos 	 Request Method: GET
2025-04-16	10:57:07 319cbf0d-546f-4dc6-8242-ae6d31102a49 Request URL: /api/hotels?city=Lagos 	 Request Method: GET
2025-04-16	10:57:12 cb80a9cf-6589-4332-aece-b99473362807 Request URL: /auth/session 	 Request Method: OPTIONS
2025-04-16	10:57:12 560ea797-68f5-4d18-8a6d-bfeb0fd4fbcd Request URL: /auth/session 	 Request Method: OPTIONS
2025-04-16	10:57:12 776c4ad4-9362-4cd2-9bd3-c6b00663d92a Request URL: /auth/session 	 Request Method: GET
2025-04-16	10:57:12 afa9ed50-c3db-4026-9253-a601a4a7c486 Request URL: /auth/session 	 Request Method: GET
2025-04-16	10:57:12 6709cd32-f0a1-4fd1-8146-400852c8f4cf Request URL: /api/hotels?city=Lagos 	 Request Method: OPTIONS
2025-04-16	10:57:12 1fb4187f-1bb8-4dbc-8dcf-2a070fdf64d7 Request URL: /api/hotels?city=Lagos 	 Request Method: OPTIONS
2025-04-16	10:57:12 3ad9f29c-c625-4b01-a1a6-b009e8ac6d00 Request URL: /api/hotels?city=Lagos 	 Request Method: GET
2025-04-16	10:57:12 ea922e52-8966-446b-a76a-c4326eb75d90 Request URL: /api/hotels?city=Lagos 	 Request Method: GET
2025-04-16	10:57:16 5df1ccba-668b-4eab-a6cf-dad93a30001d Request URL: /auth/session 	 Request Method: GET
2025-04-16	10:57:16 614bad8d-051a-48c3-93de-6617909be2c0 Request URL: /auth/session 	 Request Method: GET
2025-04-16	10:57:17 24a350fd-66b0-4e13-868d-56652bfdd84e Request URL: /api/hotels?city=Lagos 	 Request Method: GET
2025-04-16	10:57:17 7a75ae76-4865-4fd3-9843-c3725bd5fbf3 Request URL: /api/hotels?city=Lagos 	 Request Method: GET
2025-04-16	11:00:45 7f2c8e12-d7cb-413d-bcbe-98ead4620cd6 Request URL: /auth/session 	 Request Method: OPTIONS
2025-04-16	11:00:45 44dfb90d-a20d-4d02-ba3f-0df97c31a5fc Request URL: /auth/session 	 Request Method: OPTIONS
2025-04-16	11:00:45 3fb8873b-218b-4f56-90cd-7f01de756952 Request URL: /auth/session 	 Request Method: GET
2025-04-16	11:00:46 f5302278-d5e5-43e4-b3c8-a5b7cbbb14e4 Request URL: /auth/session 	 Request Method: GET
2025-04-16	11:00:47 0a950e92-2328-4810-af24-92ad5bb02e4c Request URL: /api/hotels?city=Lagos 	 Request Method: OPTIONS
2025-04-16	11:00:47 8ea62a9c-2b49-4872-b90f-b92f964d747a Request URL: /api/hotels?city=Lagos 	 Request Method: OPTIONS
2025-04-16	11:00:47 0664717f-e9f0-4053-b90e-2008920478cb Request URL: /api/hotels?city=Lagos 	 Request Method: GET
2025-04-16	11:00:47 4ca84ec0-f369-4546-8f34-c0b6f1b5f386 Request URL: /api/hotels?city=Lagos 	 Request Method: GET
2025-04-16	11:00:50 5c06f785-21b6-4450-a144-28f1b1fb7287 Request URL: /auth/session 	 Request Method: OPTIONS
2025-04-16	11:00:50 429f8835-ad83-4cc8-8ffe-f13daa473cba Request URL: /auth/session 	 Request Method: OPTIONS
2025-04-16	11:00:50 58e04b49-7163-4a9a-97d5-c03986ccd4f8 Request URL: /auth/session 	 Request Method: GET
2025-04-16	11:00:51 863534b0-04dd-4077-aae4-ba7ddfe779f2 Request URL: /auth/session 	 Request Method: GET
2025-04-16	11:00:51 68868dd9-d55f-4add-b81b-36f3ff131b4f Request URL: /api/hotels?city=Lagos 	 Request Method: GET
2025-04-16	11:00:51 367e5481-4270-46d9-86b0-4dd59b552b62 Request URL: /api/hotels?city=Lagos 	 Request Method: GET
2025-04-16	11:00:55 4e903e6a-5882-4898-874d-39a37511b6af Request URL: /auth/session 	 Request Method: GET
2025-04-16	11:00:56 82daeb5f-3901-44f5-be14-0026d157994f Request URL: /auth/session 	 Request Method: GET
2025-04-16	11:00:57 d784c336-90a4-4427-aa01-18fce39a671f Request URL: /api/hotels?city=Lagos 	 Request Method: OPTIONS
2025-04-16	11:00:57 4644332e-e75c-4a1b-88e0-747c71ef18d6 Request URL: /api/hotels?city=Lagos 	 Request Method: OPTIONS
2025-04-16	11:00:57 600c43a1-64eb-472b-ace7-01b97a6e7d92 Request URL: /api/hotels?city=Lagos 	 Request Method: GET
2025-04-16	11:00:57 8bcea5ad-ac95-405f-88b5-e219b686841d Request URL: /api/hotels?city=Lagos 	 Request Method: GET
2025-04-16	11:00:58 f717a2b5-9fa9-4c7d-93ee-c61954b1565e Request URL: /auth/session 	 Request Method: OPTIONS
2025-04-16	11:00:58 b5d8af51-6503-4ef0-9e0c-d9778f1e0259 Request URL: /auth/session 	 Request Method: OPTIONS
2025-04-16	11:00:58 d45e771b-780c-4ba9-8747-91a572ca2358 Request URL: /auth/session 	 Request Method: GET
2025-04-16	11:00:59 c4897076-d4ef-4223-a32a-47810807980e Request URL: /auth/session 	 Request Method: GET
2025-04-16	11:01:00 9d0f03ca-7a9d-439b-b661-3fa88f9a9b13 Request URL: /api/hotels?city=Lagos 	 Request Method: GET
2025-04-16	11:01:00 3071c117-e85c-4621-b710-b592332431c8 Request URL: /api/hotels?city=Lagos 	 Request Method: GET
2025-04-16	11:01:02 38e8d93b-75b0-4b4c-b6b6-98eaf1648377 Request URL: /auth/session 	 Request Method: GET
2025-04-16	11:01:02 bd197e3f-7049-41c3-9f83-59adddd8f183 Request URL: /auth/session 	 Request Method: GET
2025-04-16	11:01:03 b734b715-bd04-4f8e-bf32-f3f157be3d4b Request URL: /api/hotels?city=Lagos 	 Request Method: OPTIONS
2025-04-16	11:01:03 519adfd8-6b6d-4e84-97dd-291d40c652d4 Request URL: /api/hotels?city=Lagos 	 Request Method: OPTIONS
2025-04-16	11:01:03 adc11bc4-a14a-4307-8232-9d970e0f087a Request URL: /api/hotels?city=Lagos 	 Request Method: GET
2025-04-16	11:01:03 eb95b56a-8f95-4d22-864d-0341db4524e2 Request URL: /api/hotels?city=Lagos 	 Request Method: GET
2025-04-16	11:01:04 c0cf7c2f-b390-4bdf-ac4b-9f73f3f814c0 Request URL: /auth/session 	 Request Method: OPTIONS
2025-04-16	11:01:04 ed16a152-e1f4-46c7-8dba-67c78fd1b20a Request URL: /auth/session 	 Request Method: OPTIONS
2025-04-16	11:01:04 b6af73e2-8bf9-413b-b6b5-620613ae2e3f Request URL: /auth/session 	 Request Method: GET
2025-04-16	11:01:04 5dc43d80-dc9c-4730-9fdc-9ff1b414eab4 Request URL: /auth/session 	 Request Method: GET
2025-04-16	11:01:05 c276d8a2-df66-46f0-8659-5c7560c0f3ab Request URL: /api/hotels?city=Lagos 	 Request Method: GET
2025-04-16	11:01:05 aa43071b-ec64-42cc-802e-a456ad2aeb0e Request URL: /api/hotels?city=Lagos 	 Request Method: GET
2025-04-16	11:01:49 1592a124-8329-4663-96ea-eb5df676fc69 Request URL: /auth/session 	 Request Method: OPTIONS
2025-04-16	11:01:49 bc8b1e5c-74b3-4af0-b9a1-6d99ca75eb5d Request URL: /auth/session 	 Request Method: OPTIONS
2025-04-16	11:01:49 78ca1b8a-431a-4e26-95b0-6a06e470f92a Request URL: /auth/session 	 Request Method: GET
2025-04-16	11:01:49 18b5251d-7ca8-458c-9359-cca4cb03700a Request URL: /auth/session 	 Request Method: GET
2025-04-16	11:01:49 51d0da16-2eeb-49f1-8e4a-729d605e2bed Request URL: /api/hotels?city=Lagos 	 Request Method: OPTIONS
2025-04-16	11:01:49 296efb85-7463-4aed-9844-91b5c963348e Request URL: /api/hotels?city=Lagos 	 Request Method: OPTIONS
2025-04-16	11:01:49 ef5b7108-49c8-4bcc-a760-b3a890485999 Request URL: /api/hotels?city=Lagos 	 Request Method: GET
2025-04-16	11:01:49 d32ebd1d-4d8f-4354-b0aa-34d8ced7b876 Request URL: /api/hotels?city=Lagos 	 Request Method: GET
2025-04-16	11:02:31 2bc22138-0750-4b8f-b5dd-d44dbc706935 Request URL: /auth/session 	 Request Method: OPTIONS
2025-04-16	11:02:31 5732f1ed-3e8a-473a-a63e-ede0a3e1df24 Request URL: /auth/session 	 Request Method: OPTIONS
2025-04-16	11:02:31 a63ed472-332d-40b2-b4ac-16952cea334b Request URL: /auth/session 	 Request Method: GET
2025-04-16	11:02:32 4e0e307a-7b35-4406-bce9-fa2c3d03fea6 Request URL: /auth/session 	 Request Method: GET
2025-04-16	11:02:32 da8e624f-1040-4748-8200-d52f5061e0f9 Request URL: /api/hotels?city=Lagos 	 Request Method: OPTIONS
2025-04-16	11:02:32 88567eb5-7e27-4fd9-a74c-c6070e1cbbb9 Request URL: /api/hotels?city=Lagos 	 Request Method: OPTIONS
2025-04-16	11:02:32 7d65c76a-887b-4045-9e0d-d1d100cb8ff3 Request URL: /api/hotels?city=Lagos 	 Request Method: GET
2025-04-16	11:02:32 995aa77a-7341-4f22-a0de-5dce1a1b2823 Request URL: /api/hotels?city=Lagos 	 Request Method: GET
2025-04-16	11:02:58 56e8938d-2217-493f-bb91-4ab869358479 Request URL: /auth/session 	 Request Method: OPTIONS
2025-04-16	11:02:58 8be50aa4-2fdc-4fcc-bfd9-01767300cd4a Request URL: /auth/session 	 Request Method: OPTIONS
2025-04-16	11:02:58 07f90545-55e1-4c2d-acb6-cbaf926c6572 Request URL: /auth/session 	 Request Method: GET
2025-04-16	11:02:58 fdb8f2f7-99fd-43d3-ae09-0adf676e55cb Request URL: /auth/session 	 Request Method: GET
2025-04-16	11:02:59 e284913d-3cfa-4501-b8a4-facdbe51a243 Request URL: /api/hotels?city=Lagos 	 Request Method: OPTIONS
2025-04-16	11:02:59 eb7f4fe1-5185-4358-be10-72cca97c9aa0 Request URL: /api/hotels?city=Lagos 	 Request Method: OPTIONS
2025-04-16	11:02:59 f66de06a-d400-4994-9f9c-447937dc2c3c Request URL: /api/hotels?city=Lagos 	 Request Method: GET
2025-04-16	11:02:59 9456bd0c-e6ec-4f8b-8b40-df623dd5664f Request URL: /api/hotels?city=Lagos 	 Request Method: GET
2025-04-16	11:03:37 bee8ec50-0bb4-4a5a-9d1a-357e6c23fa1d Request URL: /auth/session 	 Request Method: OPTIONS
2025-04-16	11:03:37 267417ac-878e-4d25-bdf5-51e045becf3e Request URL: /auth/session 	 Request Method: OPTIONS
2025-04-16	11:03:37 0366f191-6c0f-4361-9607-c460c5735fad Request URL: /auth/session 	 Request Method: GET
2025-04-16	11:03:37 75ea17bc-0866-481f-a319-c3fb97541a68 Request URL: /auth/session 	 Request Method: GET
2025-04-16	11:03:38 5ab05c3a-7ed5-4bbc-af45-dea37cd0b25c Request URL: /api/hotels?city=Lagos 	 Request Method: OPTIONS
2025-04-16	11:03:38 e744186a-189f-4d43-94cb-b907cfa4da65 Request URL: /api/hotels?city=Lagos 	 Request Method: OPTIONS
2025-04-16	11:03:38 88bee95b-0d26-401a-af5b-01eceee0a39a Request URL: /api/hotels?city=Lagos 	 Request Method: GET
2025-04-16	11:03:38 0a738e86-48b8-4ecc-97f7-5c637d68cd55 Request URL: /api/hotels?city=Lagos 	 Request Method: GET
2025-04-16	11:04:33 79466cfa-3c02-4de4-ae23-c8f6a41ab7a9 Request URL: /auth/session 	 Request Method: OPTIONS
2025-04-16	11:04:33 e5c6b5bf-8e79-4405-b70d-9266a8d42429 Request URL: /auth/session 	 Request Method: OPTIONS
2025-04-16	11:04:33 cbbc4c7a-151c-46a6-a9cf-c9af75ed1d47 Request URL: /auth/session 	 Request Method: GET
2025-04-16	11:04:34 29b64a2f-f0b3-47ed-a683-6eba2d778837 Request URL: /auth/session 	 Request Method: GET
2025-04-16	11:04:34 5135899d-029d-421a-83ae-2cf84fea6b1f Request URL: /api/hotels?city=Lagos 	 Request Method: OPTIONS
2025-04-16	11:04:34 7255ce57-29eb-4ffc-868a-8f953950e301 Request URL: /api/hotels?city=Lagos 	 Request Method: OPTIONS
2025-04-16	11:04:34 f0310942-8f56-44ea-82f1-44e0f23b893d Request URL: /api/hotels?city=Lagos 	 Request Method: GET
2025-04-16	11:04:34 c0d63f07-875f-4321-b556-f912cd9e7cbf Request URL: /api/hotels?city=Lagos 	 Request Method: GET
2025-04-16	11:04:54 3efa000b-a567-4628-ab90-67fd98d0e839 Request URL: /api/hotels?city=Delh 	 Request Method: OPTIONS
2025-04-16	11:04:54 81476d1f-2054-4e42-a244-6897630aa9da Request URL: /api/hotels?city=Delh 	 Request Method: GET
2025-04-16	11:04:56 5c1142fd-899f-45e2-a845-e85b57460060 Request URL: /api/hotels?city=Delhi 	 Request Method: OPTIONS
2025-04-16	11:04:56 39c8938a-c395-4d02-9a4a-e47e33e268f6 Request URL: /api/hotels?city=Delhi 	 Request Method: GET
2025-04-16	11:06:46 9a743e77-67e6-413c-b05a-b78f9ddc374e Request URL: /auth/session 	 Request Method: OPTIONS
2025-04-16	11:06:46 ba2f41eb-45c3-44fc-91ba-21a9cb14ce7a Request URL: /auth/session 	 Request Method: OPTIONS
2025-04-16	11:06:46 91769af5-1fd6-4591-8652-5778bba5e7d5 Request URL: /auth/session 	 Request Method: GET
2025-04-16	11:06:46 ea4c10db-620f-4607-a1ee-3c60bc4a1135 Request URL: /auth/session 	 Request Method: GET
2025-04-16	11:06:48 2735f2fa-1b5a-4894-8715-274c3a0735ab Request URL: /auth/session 	 Request Method: GET
2025-04-16	11:06:48 25959f52-0af9-4947-9a6d-ad190a934136 Request URL: /auth/session 	 Request Method: GET
2025-04-16	11:06:48 b8041e13-640b-4e5a-8512-e18ced4589c4 Request URL: /api/hotels?city=Delhi 	 Request Method: OPTIONS
2025-04-16	11:06:48 cd966989-d2df-4b95-ae35-9df393dda207 Request URL: /api/hotels?city=Delhi 	 Request Method: OPTIONS
2025-04-16	11:06:48 2216db7c-9932-48b5-95ee-784b628f587f Request URL: /api/hotels?city=Delhi 	 Request Method: GET
2025-04-16	11:06:48 ee8a29b7-3530-4ce8-995e-93ae41aed0b8 Request URL: /api/hotels?city=Delhi 	 Request Method: GET
2025-04-16	11:06:52 a988fe2e-b042-459a-a53d-9349681d0b02 Request URL: /auth/session 	 Request Method: OPTIONS
2025-04-16	11:06:52 a9e2a76c-28f1-48ce-95c2-b6961c5415fb Request URL: /auth/session 	 Request Method: OPTIONS
2025-04-16	11:06:52 3eddceb9-2721-4567-bd13-3d91bbf86bd0 Request URL: /auth/session 	 Request Method: GET
2025-04-16	11:06:52 6949fff3-996b-446a-8fe6-24fe52d13913 Request URL: /auth/session 	 Request Method: GET
2025-04-16	11:06:53 12939223-42c2-453e-a5a7-8dc362b23892 Request URL: /api/hotels?city=Delhi 	 Request Method: GET
2025-04-16	11:06:53 2d3f6049-da42-44aa-9e12-c9beee8ec78d Request URL: /api/hotels?city=Delhi 	 Request Method: GET
2025-04-16	11:07:17 cadf1189-eaf3-4442-b1a9-bfd590b7c15c Request URL: /auth/session 	 Request Method: OPTIONS
2025-04-16	11:07:17 19718b5d-28c1-4dfd-8829-5006833940b6 Request URL: /auth/session 	 Request Method: OPTIONS
2025-04-16	11:07:17 6081e440-5468-4553-8208-9ec1428184ab Request URL: /auth/session 	 Request Method: GET
2025-04-16	11:07:17 2b26d4b4-ba2d-443f-a5c1-e23a898d0fc6 Request URL: /auth/session 	 Request Method: GET
2025-04-16	11:07:18 12195bcf-8344-4005-9e3d-74a5021a0003 Request URL: /api/hotels?city=Delhi 	 Request Method: OPTIONS
2025-04-16	11:07:18 8465f9f9-5a16-457d-8b32-3feea15edb53 Request URL: /api/hotels?city=Delhi 	 Request Method: OPTIONS
2025-04-16	11:07:18 43d58227-093f-46c0-be49-7b475c00980e Request URL: /api/hotels?city=Delhi 	 Request Method: GET
2025-04-16	11:07:18 9dd38b5b-e798-41a1-847a-aed1a4acc614 Request URL: /api/hotels?city=Delhi 	 Request Method: GET
2025-04-16	11:14:45 de48b81d-249d-4f48-afa0-ecf6459f4858 Request URL: /api/hotels?city=Delhi 	 Request Method: OPTIONS
2025-04-16	11:14:45 8a189c29-245e-4544-ba5e-4c83552904e0 Request URL: /api/hotels?city=Delhi 	 Request Method: GET
2025-04-16	11:16:33 7c013a6b-eda5-41ad-90cd-954f59c46cdd Request URL: /api/hotels?city=Delhi 	 Request Method: OPTIONS
2025-04-16	11:16:33 ce790e2d-6cf4-40a7-a81e-cdeb9406f4da Request URL: /api/hotels?city=Delhi 	 Request Method: GET
2025-04-16	11:19:19 68e65411-bf72-475a-ac42-b998bbe9ed1b Request URL: /api/flight 	 Request Method: OPTIONS
2025-04-16	11:19:19 60b9b82d-dd9c-445e-a5df-8d449a9ffd62 Request URL: /api/flight 	 Request Method: OPTIONS
2025-04-16	11:19:19 804450e2-0ac5-41bc-9159-58aaa6ae8192 Request URL: /api/flight 	 Request Method: GET
2025-04-16	11:19:21 05e7ff4f-4f26-4a59-9464-1a85ca11aff4 Request URL: /api/flight 	 Request Method: GET
2025-04-16	16:11:51 474a2f86-f442-47c7-b9c5-e3c32ee910db Request URL: /auth/login 	 Request Method: OPTIONS
2025-04-16	16:11:51 d9c46d51-459c-45a5-ac91-e3c4629a4fa2 Request URL: /auth/login 	 Request Method: POST
2025-04-16	16:12:18 ef2a1bed-5a59-4ac4-8143-a33e0a2a4910 Request URL: /auth/login 	 Request Method: OPTIONS
2025-04-16	16:12:18 e807e234-45c0-4414-801a-82d6b4388506 Request URL: /auth/login 	 Request Method: POST
2025-04-17	08:47:44 d9570981-da5c-4723-b17c-780dca9a99c8 Request URL: /auth/login 	 Request Method: OPTIONS
2025-04-17	08:47:44 5a44074f-23f2-4e5a-b6ed-3778cf321635 Request URL: /auth/login 	 Request Method: POST
2025-04-17	08:47:56 f249e1f8-b5dc-45d6-9bac-5c1a0b7b2d47 Request URL: /api/flight 	 Request Method: OPTIONS
2025-04-17	08:47:56 3e0954bd-fb6b-491a-b082-4cb7abfb2a1b Request URL: /api/flight 	 Request Method: OPTIONS
2025-04-17	08:47:56 4395b945-f1bf-4e23-ba47-8039664eb9e1 Request URL: /api/flight 	 Request Method: GET
2025-04-17	08:47:56 3f8e4958-50b1-44e8-b620-8e8d4a9e6633 Request URL: /api/flight 	 Request Method: GET
2025-04-17	08:48:00 5095e957-c349-458b-adc8-e92ffcec8c16 Request URL: /api/hotels?city=Delhi 	 Request Method: OPTIONS
2025-04-17	08:48:00 498bb165-ae1e-4bf2-88f6-c2d910520195 Request URL: /api/hotels?city=Delhi 	 Request Method: OPTIONS
2025-04-17	08:48:00 46c2e37b-61c3-41e1-a40e-e69af4c8f964 Request URL: /api/hotels?city=Delhi 	 Request Method: GET
2025-04-17	08:48:06 0aca583d-b920-40f3-8d34-cfee234c1eda Request URL: /api/hotels?city=Delhi 	 Request Method: GET
2025-04-17	08:49:09 f1c343cd-b12b-4a13-b4bc-0a88ad647e48 Request URL: /api/hotels?city=Delhi 	 Request Method: OPTIONS
2025-04-17	08:49:09 7a466f21-20b9-4841-a6df-5dafa7bfe756 Request URL: /api/hotels?city=Delhi 	 Request Method: GET
2025-04-17	08:49:14 5dca6a0d-4cf5-4f00-bb71-d0d18c5a9506 Request URL: /api/hotels?city=Delhi 	 Request Method: GET
2025-04-17	08:49:26 1ee842fc-e1a3-4d5d-a2a2-9446dde1d0bf Request URL: /api/hotels?city=Delhi 	 Request Method: OPTIONS
2025-04-17	08:49:26 39a25f70-c8c4-4bb3-a49c-83f301523864 Request URL: /api/hotels?city=Delhi 	 Request Method: GET
2025-04-17	08:49:59 c3b8ea75-770a-45cb-928d-57461352d813 Request URL: /api/hotels?city=Delhi 	 Request Method: OPTIONS
2025-04-17	08:49:59 8fae67c7-f15c-42f4-99dc-afb214d9a890 Request URL: /api/hotels?city=Delhi 	 Request Method: GET
2025-04-17	08:50:06 39a434fa-f423-4443-a8b6-a7d6decc964c Request URL: /api/hotels?city=Delhi 	 Request Method: OPTIONS
2025-04-17	08:50:06 0d80d219-95b1-4693-9571-09acb9c98588 Request URL: /api/hotels?city=Delhi 	 Request Method: GET
2025-04-17	08:50:20 af21ec16-a3d8-4ab5-ac1a-f292c2f7c5a9 Request URL: /auth/session 	 Request Method: OPTIONS
2025-04-17	08:50:20 8fa43bde-fd8b-4f0a-b522-07ce666da169 Request URL: /auth/session 	 Request Method: OPTIONS
2025-04-17	08:50:20 c91f9dcc-37b5-48ca-b68a-40c2ea15f78b Request URL: /auth/session 	 Request Method: GET
2025-04-17	08:50:20 dff8096d-a22f-4170-8d9c-43b16e79c352 Request URL: /auth/session 	 Request Method: GET
2025-04-17	08:50:21 5a010b44-1052-4523-a105-759072831dce Request URL: /api/hotels?city=Delhi 	 Request Method: OPTIONS
2025-04-17	08:50:21 b95ea938-da47-44e1-a4be-00c4130256cd Request URL: /api/hotels?city=Delhi 	 Request Method: OPTIONS
2025-04-17	08:50:21 5c138f4f-3b18-4a7b-a989-2110bd2e3bd0 Request URL: /api/hotels?city=Delhi 	 Request Method: GET
2025-04-17	08:50:21 aa731678-6236-42c4-996e-cfb808d703f3 Request URL: /api/hotels?city=Delhi 	 Request Method: GET
2025-04-17	08:50:27 837ef4d3-2441-4d9e-8efc-78a2f9151ad6 Request URL: /api/flight 	 Request Method: OPTIONS
2025-04-17	08:50:27 332a7f3d-dd91-4a67-8b48-5d3498ea4dba Request URL: /api/flight 	 Request Method: OPTIONS
2025-04-17	08:50:27 ee5c809a-548e-4be0-9e26-d67a6a863c49 Request URL: /api/flight 	 Request Method: GET
2025-04-17	08:50:27 9fb8885d-f192-405f-9318-c146023b517e Request URL: /api/flight 	 Request Method: GET
2025-04-17	08:50:30 e29f788f-a205-4c14-8973-238aafa9259a Request URL: /api/hotels?city=Delhi 	 Request Method: OPTIONS
2025-04-17	08:50:30 b2cf5e03-e637-40ce-bfb7-a6bd3534a7f6 Request URL: /api/hotels?city=Delhi 	 Request Method: OPTIONS
2025-04-17	08:50:30 396d7028-a86c-4c8a-b32a-8656119eddc5 Request URL: /api/hotels?city=Delhi 	 Request Method: GET
2025-04-17	08:50:30 1bca548f-6c09-417c-8bcc-43bd0bde804f Request URL: /api/hotels?city=Delhi 	 Request Method: GET
2025-04-17	12:22:59 d6cdfe6b-70cb-42f6-bd27-b55e55f815da Request URL: /auth/session 	 Request Method: OPTIONS
2025-04-17	12:22:59 21766978-1966-42da-82d2-b02daa2e321e Request URL: /auth/session 	 Request Method: OPTIONS
2025-04-17	12:22:59 1c5c202e-5f4b-4274-b500-92a4eb62d6a6 Request URL: /auth/session 	 Request Method: GET
2025-04-17	12:23:01 4f852e55-8502-4b49-bf55-2a9c0f0dfb81 Request URL: /auth/session 	 Request Method: GET
2025-04-17	12:23:02 d4de2020-c763-4b21-bd23-3c79be4fdf1d Request URL: /api/hotels?city=Delhi 	 Request Method: OPTIONS
2025-04-17	12:23:02 e206104d-f479-46dc-9e57-b4fa56d4f25d Request URL: /api/hotels?city=Delhi 	 Request Method: OPTIONS
2025-04-17	12:23:02 b61973a2-9a5a-4d03-9223-695d0564e7b2 Request URL: /api/hotels?city=Delhi 	 Request Method: GET
2025-04-17	12:23:11 886d2b49-9b6a-4fcc-8fbe-7c4830f57def Request URL: /api/hotels?city=Delhi 	 Request Method: GET
2025-04-17	15:39:35 37394df1-213a-403a-9682-063826b7285a Request URL: /auth/session 	 Request Method: OPTIONS
2025-04-17	15:39:35 d30e3879-b476-4895-8c1a-16285283643c Request URL: /auth/session 	 Request Method: OPTIONS
2025-04-17	15:39:35 d8696cda-ee19-4180-9f14-fb6480db1bc5 Request URL: /auth/session 	 Request Method: GET
2025-04-17	15:39:37 7060d616-dbf7-43f9-bff8-c3e8e07bfc94 Request URL: /auth/session 	 Request Method: GET
2025-04-17	15:39:38 560f6770-d581-4272-b48c-1e4ab0a4c925 Request URL: /api/hotels?city=Delhi 	 Request Method: OPTIONS
2025-04-17	15:39:38 3d97d623-7b08-47e0-aa4b-c76655badd09 Request URL: /api/hotels?city=Delhi 	 Request Method: OPTIONS
2025-04-17	15:39:38 b449dd9c-5d56-4846-904b-d246bd44fb02 Request URL: /api/hotels?city=Delhi 	 Request Method: GET
2025-04-17	15:39:41 19a6ba4a-8144-45ac-8b03-9045212ea2a4 Request URL: /api/hotels?city=Delhi 	 Request Method: GET
2025-04-17	19:56:57 046e9fd4-b078-426c-8cb8-b5390b42d93b Request URL: /auth/session 	 Request Method: OPTIONS
2025-04-17	19:56:57 63ef63f7-398f-4ddb-a210-6178df4d9285 Request URL: /auth/session 	 Request Method: OPTIONS
2025-04-17	19:56:57 43e9ede5-5e51-4557-baaf-555cfec1281e Request URL: /auth/session 	 Request Method: GET
2025-04-17	19:56:58 abef0b9a-5e1d-4ddf-adc2-704066fa3e19 Request URL: /auth/session 	 Request Method: GET
2025-04-17	19:56:59 dd0e8fa7-b8f0-467e-930c-530ff99ca0f8 Request URL: /api/hotels?city=Delhi 	 Request Method: OPTIONS
2025-04-17	19:56:59 8e4eeeaf-0dbb-43be-b779-875ada50c5f4 Request URL: /api/hotels?city=Delhi 	 Request Method: OPTIONS
2025-04-17	19:56:59 d0176960-7e6f-4bbf-a901-84aeb56b5c14 Request URL: /api/hotels?city=Delhi 	 Request Method: GET
2025-04-17	19:57:01 a21a9703-48f9-4cc7-96a1-673dcd2c7026 Request URL: /api/hotels?city=Delhi 	 Request Method: GET
2025-04-17	19:57:26 645771d5-4ef9-4a5d-ad36-1b45b71ff926 Request URL: /api/flight 	 Request Method: OPTIONS
2025-04-17	19:57:26 95d45986-3521-4c4f-9d46-db2cac414409 Request URL: /api/flight 	 Request Method: OPTIONS
2025-04-17	19:57:26 1fab16fc-6dc4-4dbe-8443-0c515dd8c511 Request URL: /api/flight 	 Request Method: GET
2025-04-17	19:57:26 4e69220d-48e9-41c0-895f-f801fd205867 Request URL: /api/flight 	 Request Method: GET
2025-04-17	19:59:56 da74a1a7-58d9-4009-9f9f-0d835c796c5e Request URL: /auth/session 	 Request Method: OPTIONS
2025-04-17	19:59:56 cc128c98-7bf2-4e9b-8193-f9325b189740 Request URL: /auth/session 	 Request Method: OPTIONS
2025-04-17	19:59:56 e7538378-74be-4c5b-b09c-c65d273b37e8 Request URL: /auth/session 	 Request Method: GET
2025-04-17	19:59:56 804c18ed-d907-4c15-a13f-5c2dba10921e Request URL: /auth/session 	 Request Method: GET
2025-04-17	19:59:57 18e4c05a-5b1a-438d-8983-c01a1b41c8b2 Request URL: /api/flight 	 Request Method: OPTIONS
2025-04-17	19:59:57 dbf5cc32-2b5f-466e-a529-4e51946fe789 Request URL: /api/flight 	 Request Method: OPTIONS
2025-04-17	19:59:57 0b61dd32-d2f4-4b69-a025-44b43646d97a Request URL: /api/flight 	 Request Method: GET
2025-04-17	19:59:57 fca1fe71-774e-478c-9aaf-d0b63402a709 Request URL: /api/flight 	 Request Method: GET
2025-04-17	20:00:07 49e73a9a-1d85-4c8a-a59e-aad5d57d5ac0 Request URL: /api/flight/67f4fc82e48fe75a377ada05 	 Request Method: OPTIONS
2025-04-17	20:00:07 f53e3760-ef5e-4983-b528-d9c004a6c120 Request URL: /api/flight/67f4fc82e48fe75a377ada05 	 Request Method: OPTIONS
2025-04-17	20:00:07 33003c46-0ca1-4f61-9513-5e9c1edb7515 Request URL: /api/flight/67f4fc82e48fe75a377ada05 	 Request Method: GET
2025-04-17	20:00:07 dd4e4fef-ffb1-4e0d-9a2b-6169538f1c1e Request URL: /api/flight/67f4fc82e48fe75a377ada05 	 Request Method: GET
2025-04-17	20:00:26 2bf9df6c-38b3-46d3-8a10-fca81e4c4481 Request URL: /api/user/67e46d48a7e64e72db9c6794 	 Request Method: OPTIONS
2025-04-17	20:00:26 2ec94f62-57f2-4976-a6f6-eb09647376c1 Request URL: /api/user/67e46d48a7e64e72db9c6794 	 Request Method: OPTIONS
2025-04-17	20:00:26 6bc65c91-0f35-461e-bff7-c7215be00a9a Request URL: /api/user/67e46d48a7e64e72db9c6794 	 Request Method: GET
2025-04-17	20:00:26 5221b4a2-97ff-419e-bac2-0ec613274307 Request URL: /api/user/67e46d48a7e64e72db9c6794 	 Request Method: GET
2025-04-17	20:00:39 10617aea-b69f-48d2-bd4b-b4cb823f43ec Request URL: /api/user/67e46d48a7e64e72db9c6794 	 Request Method: OPTIONS
2025-04-17	20:00:39 537876f5-b502-4496-941c-9c0415a23f7a Request URL: /api/user/67e46d48a7e64e72db9c6794 	 Request Method: OPTIONS
2025-04-17	20:00:39 3f707ab7-1650-4bed-8451-35931fb74ca5 Request URL: /api/user/67e46d48a7e64e72db9c6794 	 Request Method: GET
2025-04-17	20:00:39 4fed093f-f4f6-49e4-9e27-12a92ed42991 Request URL: /api/user/67e46d48a7e64e72db9c6794 	 Request Method: GET
2025-04-17	20:00:43 bed8c281-69a7-4a98-ad75-54f4ce639a8b Request URL: /api/card/67e46d48a7e64e72db9c6794 	 Request Method: OPTIONS
2025-04-17	20:00:43 4f1aba60-3475-4713-8f87-98b53c15b779 Request URL: /api/card/67e46d48a7e64e72db9c6794 	 Request Method: OPTIONS
2025-04-17	20:00:43 7fc711f6-a17c-49d1-9749-5c03d3bd27e4 Request URL: /api/card/67e46d48a7e64e72db9c6794 	 Request Method: GET
2025-04-17	20:00:43 55421cc5-b3a4-4331-8bf4-d5e30a3340c6 Request URL: /api/card/67e46d48a7e64e72db9c6794 	 Request Method: GET
2025-04-17	20:29:35 deac9146-041c-41ff-a424-15ac0d24aa69 Request URL: /auth/session 	 Request Method: OPTIONS
2025-04-17	20:29:35 5cbac1c7-550c-4b67-a03c-67554ec3124f Request URL: /auth/session 	 Request Method: OPTIONS
2025-04-17	20:29:35 0f86724e-806c-4962-95ad-522caa3cf682 Request URL: /auth/session 	 Request Method: GET
2025-04-17	20:29:55 ab5d5bf0-52ec-487a-8ae6-cd880e05f34e Request URL: /auth/session 	 Request Method: GET
